Archive member included because of file (symbol)

contiki-micaz.a(broadcast.o)  sink.co (broadcast_close)
contiki-micaz.a(unicast.o)    sink.co (unicast_open)
contiki-micaz.a(abc.o)        contiki-micaz.a(broadcast.o) (abc_open)
contiki-micaz.a(channel.o)    contiki-micaz.a(abc.o) (channel_open)
contiki-micaz.a(list.o)       contiki-micaz.a(channel.o) (list_init)
contiki-micaz.a(packetbuf.o)  contiki-micaz.a(broadcast.o) (packetbuf_addrs)
contiki-micaz.a(contiki-micaz-m)
                              /usr/lib/gcc/avr/4.5.3/../../../avr/lib/avr51/crtm128.o (main)
contiki-micaz.a(init-net.o)   contiki-micaz.a(contiki-micaz-m) (init_net)
contiki-micaz.a(node-id.o)    contiki-micaz.a(contiki-micaz-m) (node_id_restore)
contiki-micaz.a(clock.o)      contiki-micaz.a(contiki-micaz-m) (clock_init)
contiki-micaz.a(ds2401.o)     contiki-micaz.a(contiki-micaz-m) (ds2401_init)
contiki-micaz.a(eeprom.o)     contiki-micaz.a(node-id.o) (eeprom_write)
contiki-micaz.a(leds.o)       contiki-micaz.a(contiki-micaz-m) (leds_init)
contiki-micaz.a(rimeaddr.o)   contiki-micaz.a(broadcast.o) (rimeaddr_copy)
contiki-micaz.a(rime.o)       contiki-micaz.a(abc.o) (rime_output)
contiki-micaz.a(rimestats.o)  contiki-micaz.a(rime.o) (rimestats)
contiki-micaz.a(announcement.o)
                              contiki-micaz.a(rime.o) (announcement_init)
contiki-micaz.a(broadcast-annou)
                              contiki-micaz.a(rime.o) (broadcast_announcement_init)
contiki-micaz.a(chameleon.o)  contiki-micaz.a(rime.o) (chameleon_init)
contiki-micaz.a(chameleon-bitop)
                              contiki-micaz.a(chameleon.o) (chameleon_bitopt)
contiki-micaz.a(nullmac.o)    contiki-micaz.a(init-net.o) (nullmac_driver)
contiki-micaz.a(nullrdc.o)    contiki-micaz.a(init-net.o) (nullrdc_driver)
contiki-micaz.a(mac.o)        contiki-micaz.a(nullrdc.o) (mac_call_sent_callback)
contiki-micaz.a(framer-802154.o)
                              contiki-micaz.a(nullrdc.o) (framer_802154)
contiki-micaz.a(process.o)    contiki-micaz.a(contiki-micaz-m) (process_init)
contiki-micaz.a(autostart.o)  contiki-micaz.a(contiki-micaz-m) (autostart_start)
contiki-micaz.a(etimer.o)     contiki-micaz.a(clock.o) (etimer_request_poll)
contiki-micaz.a(ctimer.o)     contiki-micaz.a(contiki-micaz-m) (ctimer_init)
contiki-micaz.a(rtimer.o)     contiki-micaz.a(contiki-micaz-m) (rtimer_init)
contiki-micaz.a(random.o)     contiki-micaz.a(contiki-micaz-m) (random_init)
contiki-micaz.a(queuebuf.o)   contiki-micaz.a(rime.o) (queuebuf_init)
contiki-micaz.a(rs232.o)      contiki-micaz.a(contiki-micaz-m) (rs232_init)
contiki-micaz.a(leds-arch.o)  contiki-micaz.a(leds.o) (leds_arch_init)
contiki-micaz.a(cc2420.o)     contiki-micaz.a(init-net.o) (cc2420_set_channel)
contiki-micaz.a(cc2420-arch.o)
                              contiki-micaz.a(cc2420.o) (cc2420_arch_init)
contiki-micaz.a(rtimer-arch.o)
                              contiki-micaz.a(rtimer.o) (rtimer_arch_init)
contiki-micaz.a(frame802154.o)
                              contiki-micaz.a(framer-802154.o) (frame802154_hdrlen)
contiki-micaz.a(memb.o)       contiki-micaz.a(queuebuf.o) (memb_init)
contiki-micaz.a(timer.o)      contiki-micaz.a(etimer.o) (timer_set)
contiki-micaz.a(spi.o)        contiki-micaz.a(cc2420-arch.o) (spi_init)
/usr/lib/gcc/avr/4.5.3/avr51/libgcc.a(_udivmodhi4.o)
                              contiki-micaz.a(init-net.o) (__udivmodhi4)
/usr/lib/gcc/avr/4.5.3/avr51/libgcc.a(_exit.o)
                              /usr/lib/gcc/avr/4.5.3/../../../avr/lib/avr51/crtm128.o (exit)
/usr/lib/gcc/avr/4.5.3/avr51/libgcc.a(_copy_data.o)
                              sink.co (__do_copy_data)
/usr/lib/gcc/avr/4.5.3/avr51/libgcc.a(_clear_bss.o)
                              sink.co (__do_clear_bss)
/usr/lib/gcc/avr/4.5.3/avr51/libgcc.a(_fixunssfsi.o)
                              obj_micaz/semantik.o (__fixunssfsi)
/usr/lib/gcc/avr/4.5.3/avr51/libgcc.a(_addsub_sf.o)
                              obj_micaz/semantik.o (__addsf3)
/usr/lib/gcc/avr/4.5.3/avr51/libgcc.a(_mul_sf.o)
                              obj_micaz/semantik.o (__mulsf3)
/usr/lib/gcc/avr/4.5.3/avr51/libgcc.a(_div_sf.o)
                              obj_micaz/semantik.o (__divsf3)
/usr/lib/gcc/avr/4.5.3/avr51/libgcc.a(_ne_sf.o)
                              obj_micaz/semantik.o (__nesf2)
/usr/lib/gcc/avr/4.5.3/avr51/libgcc.a(_gt_sf.o)
                              obj_micaz/semantik.o (__gtsf2)
/usr/lib/gcc/avr/4.5.3/avr51/libgcc.a(_ge_sf.o)
                              obj_micaz/semantik.o (__gesf2)
/usr/lib/gcc/avr/4.5.3/avr51/libgcc.a(_lt_sf.o)
                              obj_micaz/semantik.o (__ltsf2)
/usr/lib/gcc/avr/4.5.3/avr51/libgcc.a(_le_sf.o)
                              obj_micaz/semantik.o (__lesf2)
/usr/lib/gcc/avr/4.5.3/avr51/libgcc.a(_si_to_sf.o)
                              obj_micaz/semantik.o (__floatsisf)
/usr/lib/gcc/avr/4.5.3/avr51/libgcc.a(_sf_to_si.o)
                              obj_micaz/semantik.o (__fixsfsi)
[...]
Memory Configuration

Name             Origin             Length             Attributes
text             0x0000000000000000 0x0000000000020000 xr
data             0x0000000000800100 0x000000000000ff00 rw !x
eeprom           0x0000000000810000 0x0000000000010000 rw !x
fuse             0x0000000000820000 0x0000000000000400 rw !x
lock             0x0000000000830000 0x0000000000000400 rw !x
signature        0x0000000000840000 0x0000000000000400 rw !x
*default*        0x0000000000000000 0xffffffffffffffff

Linker script and memory map

Address of section .data set to 0x800100
LOAD /usr/lib/gcc/avr/4.5.3/../../../avr/lib/avr51/crtm128.o
Address of section .bootloader set to 0x1f800
LOAD sink.co
LOAD obj_micaz/util.o
LOAD obj_micaz/semantik.o
LOAD symbols.o
LOAD contiki-micaz.a
LOAD /usr/lib/gcc/avr/4.5.3/avr51/libgcc.a
LOAD /usr/lib/gcc/avr/4.5.3/../../../avr/lib/avr51/libc.a
LOAD /usr/lib/gcc/avr/4.5.3/avr51/libgcc.a

.hash
 *(.hash)

.dynsym
 *(.dynsym)

.dynstr
 *(.dynstr)

.gnu.version
 *(.gnu.version)

.gnu.version_d
 *(.gnu.version_d)

.gnu.version_r
 *(.gnu.version_r)

.rel.init
 *(.rel.init)

.rela.init
 *(.rela.init)

.rel.text
 *(.rel.text)
 *(.rel.text.*)
 *(.rel.gnu.linkonce.t*)

.rela.text
 *(.rela.text)
 *(.rela.text.*)
 *(.rela.gnu.linkonce.t*)

.rel.fini
 *(.rel.fini)

.rela.fini
 *(.rela.fini)

.rel.rodata
 *(.rel.rodata)
 *(.rel.rodata.*)
 *(.rel.gnu.linkonce.r*)

.rela.rodata
 *(.rela.rodata)
 *(.rela.rodata.*)
 *(.rela.gnu.linkonce.r*)

.rel.data
 *(.rel.data)
 *(.rel.data.*)
 *(.rel.gnu.linkonce.d*)

.rela.data
 *(.rela.data)
 *(.rela.data.*)
 *(.rela.gnu.linkonce.d*)

.rel.ctors
 *(.rel.ctors)

.rela.ctors
 *(.rela.ctors)

.rel.dtors
 *(.rel.dtors)

.rela.dtors
 *(.rela.dtors)

.rel.got
 *(.rel.got)

.rela.got
 *(.rela.got)

.rel.bss
 *(.rel.bss)

.rela.bss
 *(.rela.bss)

.rel.plt
 *(.rel.plt)

.rela.plt
 *(.rela.plt)

.text           0x0000000000000000     0x3b60
 *(.vectors)
 .vectors       0x0000000000000000       0x8c /usr/lib/gcc/avr/4.5.3/../../../avr/lib/avr51/crtm128.o
                0x0000000000000000                __vectors
                0x0000000000000000                __vector_default
 *(.vectors)
 *(.progmem.gcc*)
 *(.progmem*)
 .progmem.data  0x000000000000008c       0x21 contiki-micaz.a(contiki-micaz-m)
 .progmem.data  0x00000000000000ad       0x83 contiki-micaz.a(init-net.o)
                0x0000000000000130                . = ALIGN (0x2)
                0x0000000000000130                __trampolines_start = .
 *(.trampolines)
 .trampolines   0x0000000000000130        0x0 linker stubs
 *(.trampolines*)
                0x0000000000000130                __trampolines_end = .
 *(.jumptables)
 *(.jumptables*)
 *(.lowtext)
 *(.lowtext*)
                0x0000000000000130                __ctors_start = .
 *(.ctors)
                0x0000000000000130                __ctors_end = .
                0x0000000000000130                __dtors_start = .
 *(.dtors)
                0x0000000000000130                __dtors_end = .
 SORT(*)(.ctors)
 SORT(*)(.dtors)
 *(.init0)
 .init0         0x0000000000000130        0x0 /usr/lib/gcc/avr/4.5.3/../../../avr/lib/avr51/crtm128.o
                0x0000000000000130                __init
 *(.init0)
 *(.init1)
 *(.init1)
 *(.init2)
 .init2         0x0000000000000130        0xc /usr/lib/gcc/avr/4.5.3/../../../avr/lib/avr51/crtm128.o
 *(.init2)
 *(.init3)
 *(.init3)
 *(.init4)
 .init4         0x000000000000013c       0x1a /usr/lib/gcc/avr/4.5.3/avr51/libgcc.a(_copy_data.o)
                0x000000000000013c                __do_copy_data
 .init4         0x0000000000000156       0x10 /usr/lib/gcc/avr/4.5.3/avr51/libgcc.a(_clear_bss.o)
                0x0000000000000156                __do_clear_bss
 *(.init4)
 *(.init5)
 *(.init5)
 *(.init6)
 *(.init6)
 *(.init7)
 *(.init7)
 *(.init8)
 *(.init8)
 *(.init9)
 .init9         0x0000000000000166        0x8 /usr/lib/gcc/avr/4.5.3/../../../avr/lib/avr51/crtm128.o
 *(.init9)
 *(.text)
 .text          0x000000000000016e        0x4 /usr/lib/gcc/avr/4.5.3/../../../avr/lib/avr51/crtm128.o
                0x000000000000016e                __vector_22
                0x000000000000016e                __vector_28
                0x000000000000016e                __vector_1
                0x000000000000016e                __vector_32
                0x000000000000016e                __vector_34
                0x000000000000016e                __vector_24
                0x000000000000016e                __vector_12
                0x000000000000016e                __bad_interrupt
                0x000000000000016e                __vector_6
                0x000000000000016e                __vector_31
                0x000000000000016e                __vector_3
                0x000000000000016e                __vector_23
                0x000000000000016e                __vector_25
                0x000000000000016e                __vector_11
                0x000000000000016e                __vector_13
                0x000000000000016e                __vector_17
                0x000000000000016e                __vector_19
                0x000000000000016e                __vector_27
                0x000000000000016e                __vector_5
                0x000000000000016e                __vector_33
                0x000000000000016e                __vector_4
                0x000000000000016e                __vector_9
                0x000000000000016e                __vector_2
                0x000000000000016e                __vector_21
                0x000000000000016e                __vector_29
                0x000000000000016e                __vector_8
                0x000000000000016e                __vector_14
                0x000000000000016e                __vector_10
                0x000000000000016e                __vector_16
                0x000000000000016e                __vector_20
                0x0000000000000172                . = ALIGN (0x2)
 *(.text.*)
 .text.process_thread_sink_process
                0x0000000000000172       0x36 sink.co
 .text.recv_uc  0x00000000000001a8       0x46 sink.co
 .text.sent_by_abc
                0x00000000000001ee       0x18 contiki-micaz.a(broadcast.o)
 .text.recv_from_abc
                0x0000000000000206       0x4e contiki-micaz.a(broadcast.o)
 .text.broadcast_open
                0x0000000000000254       0x36 contiki-micaz.a(broadcast.o)
                0x0000000000000254                broadcast_open
 .text.broadcast_close
                0x000000000000028a        0x6 contiki-micaz.a(broadcast.o)
                0x000000000000028a                broadcast_close
 .text.broadcast_send
                0x0000000000000290       0x1e contiki-micaz.a(broadcast.o)
                0x0000000000000290                broadcast_send
 .text.sent_by_broadcast
                0x00000000000002ae       0x18 contiki-micaz.a(unicast.o)
 .text.recv_from_broadcast
                0x00000000000002c6       0x3c contiki-micaz.a(unicast.o)
 .text.unicast_open
                0x0000000000000302       0x36 contiki-micaz.a(unicast.o)
                0x0000000000000302                unicast_open
 .text.abc_open
                0x0000000000000338       0x32 contiki-micaz.a(abc.o)
                0x0000000000000338                abc_open
 .text.abc_close
                0x000000000000036a        0x6 contiki-micaz.a(abc.o)
                0x000000000000036a                abc_close
 .text.abc_send
                0x0000000000000370        0x6 contiki-micaz.a(abc.o)
                0x0000000000000370                abc_send
 .text.abc_input
                0x0000000000000376       0x10 contiki-micaz.a(abc.o)
                0x0000000000000376                abc_input
 .text.abc_sent
                0x0000000000000386       0x18 contiki-micaz.a(abc.o)
                0x0000000000000386                abc_sent
 .text.channel_init
                0x000000000000039e        0xa contiki-micaz.a(channel.o)
                0x000000000000039e                channel_init
 .text.channel_open
                0x00000000000003a8       0x12 contiki-micaz.a(channel.o)
                0x00000000000003a8                channel_open
 .text.channel_close
                0x00000000000003ba        0xc contiki-micaz.a(channel.o)
                0x00000000000003ba                channel_close
 .text.channel_lookup
                0x00000000000003c6       0x30 contiki-micaz.a(channel.o)
                0x00000000000003c6                channel_lookup
 .text.channel_set_attributes
                0x00000000000003f6       0x2a contiki-micaz.a(channel.o)
                0x00000000000003f6                channel_set_attributes
 .text.list_init
                0x0000000000000420        0x8 contiki-micaz.a(list.o)
                0x0000000000000420                list_init
 .text.list_head
                0x0000000000000428        0x8 contiki-micaz.a(list.o)
                0x0000000000000428                list_head
 .text.list_tail
                0x0000000000000430       0x24 contiki-micaz.a(list.o)
                0x0000000000000430                list_tail
 .text.list_remove
                0x0000000000000454       0x4a contiki-micaz.a(list.o)
                0x0000000000000454                list_remove
 .text.list_add
                0x000000000000049e       0x3e contiki-micaz.a(list.o)
                0x000000000000049e                list_add
 .text.list_item_next
                0x00000000000004dc       0x14 contiki-micaz.a(list.o)
                0x00000000000004dc                list_item_next
 .text.packetbuf_hdrreduce
                0x00000000000004f0       0x3e contiki-micaz.a(packetbuf.o)
                0x00000000000004f0                packetbuf_hdrreduce
 .text.packetbuf_set_datalen
                0x000000000000052e        0xa contiki-micaz.a(packetbuf.o)
                0x000000000000052e                packetbuf_set_datalen
 .text.packetbuf_dataptr
                0x0000000000000538       0x10 contiki-micaz.a(packetbuf.o)
                0x0000000000000538                packetbuf_dataptr
 .text.packetbuf_hdrptr
                0x0000000000000548        0xe contiki-micaz.a(packetbuf.o)
                0x0000000000000548                packetbuf_hdrptr
 .text.packetbuf_is_reference
                0x0000000000000556       0x1c contiki-micaz.a(packetbuf.o)
                0x0000000000000556                packetbuf_is_reference
 .text.packetbuf_compact
                0x0000000000000572       0x60 contiki-micaz.a(packetbuf.o)
                0x0000000000000572                packetbuf_compact
 .text.packetbuf_datalen
                0x00000000000005d2        0xa contiki-micaz.a(packetbuf.o)
                0x00000000000005d2                packetbuf_datalen
 .text.packetbuf_totlen
                0x00000000000005dc       0x18 contiki-micaz.a(packetbuf.o)
                0x00000000000005dc                packetbuf_totlen
 .text.packetbuf_hdralloc
                0x00000000000005f4       0x3e contiki-micaz.a(packetbuf.o)
                0x00000000000005f4                packetbuf_hdralloc
 .text.packetbuf_attr_clear
                0x0000000000000632       0x38 contiki-micaz.a(packetbuf.o)
                0x0000000000000632                packetbuf_attr_clear
 .text.packetbuf_clear
                0x000000000000066a       0x28 contiki-micaz.a(packetbuf.o)
                0x000000000000066a                packetbuf_clear
 .text.packetbuf_copyfrom
                0x0000000000000692       0x66 contiki-micaz.a(packetbuf.o)
                0x0000000000000692                packetbuf_copyfrom
 .text.packetbuf_attr_copyfrom
                0x00000000000006f8       0x2a contiki-micaz.a(packetbuf.o)
                0x00000000000006f8                packetbuf_attr_copyfrom
 .text.init_usart
                0x0000000000000722       0x12 contiki-micaz.a(contiki-micaz-m)
                0x0000000000000722                init_usart
 .text.main     0x0000000000000734       0x92 contiki-micaz.a(contiki-micaz-m)
                0x0000000000000734                main
 .text.init_net
                0x00000000000007c6      0x20e contiki-micaz.a(init-net.o)
                0x00000000000007c6                init_net
 .text.node_id_restore
                0x00000000000009d4       0x58 contiki-micaz.a(node-id.o)
                0x00000000000009d4                node_id_restore
 .text.__vector_15
                0x0000000000000a2c       0xb8 contiki-micaz.a(clock.o)
                0x0000000000000a2c                __vector_15
 .text.clock_init
                0x0000000000000ae4       0x38 contiki-micaz.a(clock.o)
                0x0000000000000ae4                clock_init
 .text.clock_time
                0x0000000000000b1c       0x1a contiki-micaz.a(clock.o)
                0x0000000000000b1c                clock_time
 .text.clock_delay
                0x0000000000000b36       0x16 contiki-micaz.a(clock.o)
                0x0000000000000b36                clock_delay
 .text.read_byte
                0x0000000000000b4c       0x42 contiki-micaz.a(ds2401.o)
 .text.crc8_add
                0x0000000000000b8e       0x28 contiki-micaz.a(ds2401.o)
 .text.ds2401_init
                0x0000000000000bb6      0x126 contiki-micaz.a(ds2401.o)
                0x0000000000000bb6                ds2401_init
 .text.eeprom_read
                0x0000000000000cdc       0x10 contiki-micaz.a(eeprom.o)
                0x0000000000000cdc                eeprom_read
 .text.show_leds.clone.0
                0x0000000000000cec       0x10 contiki-micaz.a(leds.o)
 .text.leds_init
                0x0000000000000cfc        0xe contiki-micaz.a(leds.o)
                0x0000000000000cfc                leds_init
 .text.leds_on  0x0000000000000d0a       0x10 contiki-micaz.a(leds.o)
                0x0000000000000d0a                leds_on
 .text.leds_off
                0x0000000000000d1a       0x12 contiki-micaz.a(leds.o)
                0x0000000000000d1a                leds_off
 .text.rimeaddr_copy
                0x0000000000000d2c       0x12 contiki-micaz.a(rimeaddr.o)
                0x0000000000000d2c                rimeaddr_copy
 .text.rimeaddr_cmp
                0x0000000000000d3e       0x24 contiki-micaz.a(rimeaddr.o)
                0x0000000000000d3e                rimeaddr_cmp
 .text.rimeaddr_set_node_addr
                0x0000000000000d62       0x10 contiki-micaz.a(rimeaddr.o)
                0x0000000000000d62                rimeaddr_set_node_addr
 .text.input    0x0000000000000d72       0x72 contiki-micaz.a(rime.o)
 .text.init     0x0000000000000de4       0x26 contiki-micaz.a(rime.o)
 .text.packet_sent
                0x0000000000000e0a       0x5e contiki-micaz.a(rime.o)
 .text.rime_output
                0x0000000000000e68       0x5c contiki-micaz.a(rime.o)
                0x0000000000000e68                rime_output
 .text.announcement_init
                0x0000000000000ec4        0xa contiki-micaz.a(announcement.o)
                0x0000000000000ec4                announcement_init
 .text.announcement_register_observer_callback
                0x0000000000000ece        0xa contiki-micaz.a(announcement.o)
                0x0000000000000ece                announcement_register_observer_callback
 .text.announcement_list
                0x0000000000000ed8        0xa contiki-micaz.a(announcement.o)
                0x0000000000000ed8                announcement_list
 .text.announcement_heard
                0x0000000000000ee2       0x5e contiki-micaz.a(announcement.o)
                0x0000000000000ee2                announcement_heard
 .text.adv_packet_sent
                0x0000000000000f40        0x2 contiki-micaz.a(broadcast-annou)
 .text.adv_packet_received
                0x0000000000000f42       0x84 contiki-micaz.a(broadcast-annou)
 .text.set_timers
                0x0000000000000fc6       0x46 contiki-micaz.a(broadcast-annou)
 .text.new_announcement
                0x000000000000100c       0x1e contiki-micaz.a(broadcast-annou)
 .text.send_timer
                0x000000000000102a       0x2a contiki-micaz.a(broadcast-annou)
 .text.send_adv
                0x0000000000001054       0xa8 contiki-micaz.a(broadcast-annou)
 .text.broadcast_announcement_init
                0x00000000000010fc       0x50 contiki-micaz.a(broadcast-annou)
                0x00000000000010fc                broadcast_announcement_init
 .text.chameleon_init
                0x000000000000114c        0x6 contiki-micaz.a(chameleon.o)
                0x000000000000114c                chameleon_init
 .text.chameleon_parse
                0x0000000000001152       0x20 contiki-micaz.a(chameleon.o)
                0x0000000000001152                chameleon_parse
 .text.chameleon_create
                0x0000000000001172       0x30 contiki-micaz.a(chameleon.o)
                0x0000000000001172                chameleon_create
 .text.chameleon_hdrsize
                0x00000000000011a2        0xc contiki-micaz.a(chameleon.o)
                0x00000000000011a2                chameleon_hdrsize
 .text.header_size
                0x00000000000011ae       0x1a contiki-micaz.a(chameleon-bitop)
 .text.get_bits_in_byte
                0x00000000000011c8       0x3e contiki-micaz.a(chameleon-bitop)
                0x00000000000011c8                get_bits_in_byte
 .text.get_bits
                0x0000000000001206       0xda contiki-micaz.a(chameleon-bitop)
                0x0000000000001206                get_bits
 .text.unpack_header
                0x00000000000012e0      0x154 contiki-micaz.a(chameleon-bitop)
 .text.set_bits_in_byte
                0x0000000000001434       0x28 contiki-micaz.a(chameleon-bitop)
                0x0000000000001434                set_bits_in_byte
 .text.set_bits
                0x000000000000145c      0x100 contiki-micaz.a(chameleon-bitop)
                0x000000000000145c                set_bits
 .text.pack_header
                0x000000000000155c      0x124 contiki-micaz.a(chameleon-bitop)
 .text.send_packet
                0x0000000000001680        0xc contiki-micaz.a(nullmac.o)
 .text.packet_input
                0x000000000000168c        0xc contiki-micaz.a(nullmac.o)
 .text.on       0x0000000000001698        0xc contiki-micaz.a(nullmac.o)
 .text.off      0x00000000000016a4        0xc contiki-micaz.a(nullmac.o)
 .text.channel_check_interval
                0x00000000000016b0        0x6 contiki-micaz.a(nullmac.o)
 .text.init     0x00000000000016b6        0x2 contiki-micaz.a(nullmac.o)
 .text.on       0x00000000000016b8        0xc contiki-micaz.a(nullrdc.o)
 .text.off      0x00000000000016c4       0x1c contiki-micaz.a(nullrdc.o)
 .text.channel_check_interval
                0x00000000000016e0        0x6 contiki-micaz.a(nullrdc.o)
 .text.init     0x00000000000016e6        0x6 contiki-micaz.a(nullrdc.o)
 .text.packet_input
                0x00000000000016ec       0x3a contiki-micaz.a(nullrdc.o)
 .text.send_packet
                0x0000000000001726       0x92 contiki-micaz.a(nullrdc.o)
 .text.send_list
                0x00000000000017b8       0x2e contiki-micaz.a(nullrdc.o)
 .text.mac_call_sent_callback
                0x00000000000017e6       0x10 contiki-micaz.a(mac.o)
                0x00000000000017e6                mac_call_sent_callback
 .text.parse    0x00000000000017f6       0xde contiki-micaz.a(framer-802154.o)
 .text.create   0x00000000000018d4      0x138 contiki-micaz.a(framer-802154.o)
 .text.call_process
                0x0000000000001a0c       0x52 contiki-micaz.a(process.o)
 .text.exit_process
                0x0000000000001a5e       0xd8 contiki-micaz.a(process.o)
 .text.do_poll  0x0000000000001b36       0x3e contiki-micaz.a(process.o)
 .text.process_init
                0x0000000000001b74       0x24 contiki-micaz.a(process.o)
                0x0000000000001b74                process_init
 .text.process_run
                0x0000000000001b98       0xd2 contiki-micaz.a(process.o)
                0x0000000000001b98                process_run
 .text.process_post
                0x0000000000001c6a       0x56 contiki-micaz.a(process.o)
                0x0000000000001c6a                process_post
 .text.process_post_synch
                0x0000000000001cc0       0x1e contiki-micaz.a(process.o)
                0x0000000000001cc0                process_post_synch
 .text.process_start
                0x0000000000001cde       0x46 contiki-micaz.a(process.o)
                0x0000000000001cde                process_start
 .text.process_poll
                0x0000000000001d24       0x18 contiki-micaz.a(process.o)
                0x0000000000001d24                process_poll
 .text.autostart_start
                0x0000000000001d3c       0x2e contiki-micaz.a(autostart.o)
                0x0000000000001d3c                autostart_start
 .text.update_time
                0x0000000000001d6a       0x64 contiki-micaz.a(etimer.o)
 .text.etimer_request_poll
                0x0000000000001dce        0xa contiki-micaz.a(etimer.o)
                0x0000000000001dce                etimer_request_poll
 .text.process_thread_etimer_process
                0x0000000000001dd8      0x11a contiki-micaz.a(etimer.o)
 .text.add_timer
                0x0000000000001ef2       0x56 contiki-micaz.a(etimer.o)
 .text.etimer_set
                0x0000000000001f48       0x16 contiki-micaz.a(etimer.o)
                0x0000000000001f48                etimer_set
 .text.etimer_pending
                0x0000000000001f5e       0x18 contiki-micaz.a(etimer.o)
                0x0000000000001f5e                etimer_pending
 .text.process_thread_ctimer_process
                0x0000000000001f76       0xe6 contiki-micaz.a(ctimer.o)
 .text.ctimer_init
                0x000000000000205c       0x1a contiki-micaz.a(ctimer.o)
                0x000000000000205c                ctimer_init
 .text.ctimer_set
                0x0000000000002076       0x66 contiki-micaz.a(ctimer.o)
                0x0000000000002076                ctimer_set
 .text.rtimer_init
                0x00000000000020dc        0x6 contiki-micaz.a(rtimer.o)
                0x00000000000020dc                rtimer_init
 .text.rtimer_run_next
                0x00000000000020e2       0x3e contiki-micaz.a(rtimer.o)
                0x00000000000020e2                rtimer_run_next
 .text.random_init
                0x0000000000002120        0x6 contiki-micaz.a(random.o)
                0x0000000000002120                random_init
 .text.random_rand
                0x0000000000002126        0x6 contiki-micaz.a(random.o)
                0x0000000000002126                random_rand
 .text.queuebuf_init
                0x000000000000212c       0x1a contiki-micaz.a(queuebuf.o)
                0x000000000000212c                queuebuf_init
 .text.queuebuf_to_packetbuf
                0x0000000000002146       0x7c contiki-micaz.a(queuebuf.o)
                0x0000000000002146                queuebuf_to_packetbuf
 .text.__vector_18
                0x00000000000021c2       0x5c contiki-micaz.a(rs232.o)
                0x00000000000021c2                __vector_18
 .text.__vector_30
                0x000000000000221e       0x5e contiki-micaz.a(rs232.o)
                0x000000000000221e                __vector_30
 .text.rs232_init
                0x000000000000227c       0x3c contiki-micaz.a(rs232.o)
                0x000000000000227c                rs232_init
 .text.rs232_send
                0x00000000000022b8       0x1e contiki-micaz.a(rs232.o)
                0x00000000000022b8                rs232_send
 .text.rs232_stdout_putchar
                0x00000000000022d6       0x2a contiki-micaz.a(rs232.o)
                0x00000000000022d6                rs232_stdout_putchar
 .text.rs232_redirect_stdout
                0x0000000000002300       0x12 contiki-micaz.a(rs232.o)
                0x0000000000002300                rs232_redirect_stdout
 .text.leds_arch_init
                0x0000000000002312        0xe contiki-micaz.a(leds-arch.o)
                0x0000000000002312                leds_arch_init
 .text.leds_arch_set
                0x0000000000002320       0x28 contiki-micaz.a(leds-arch.o)
                0x0000000000002320                leds_arch_set
 .text.strobe   0x0000000000002348        0xc contiki-micaz.a(cc2420.o)
 .text.status   0x0000000000002354       0x10 contiki-micaz.a(cc2420.o)
 .text.on       0x0000000000002364       0x42 contiki-micaz.a(cc2420.o)
 .text.getreg   0x00000000000023a6       0x2c contiki-micaz.a(cc2420.o)
 .text.setreg   0x00000000000023d2       0x1e contiki-micaz.a(cc2420.o)
 .text.set_txpower
                0x00000000000023f0       0x28 contiki-micaz.a(cc2420.o)
 .text.cc2420_receiving_packet
                0x0000000000002418       0x10 contiki-micaz.a(cc2420.o)
 .text.pending_packet
                0x0000000000002428       0x10 contiki-micaz.a(cc2420.o)
 .text.flushrx  0x0000000000002438       0x38 contiki-micaz.a(cc2420.o)
 .text.off      0x0000000000002470       0x48 contiki-micaz.a(cc2420.o)
 .text.RELEASE_LOCK
                0x00000000000024b8       0x34 contiki-micaz.a(cc2420.o)
 .text.cc2420_prepare
                0x00000000000024ec       0x96 contiki-micaz.a(cc2420.o)
 .text.cc2420_on
                0x0000000000002582       0x2c contiki-micaz.a(cc2420.o)
                0x0000000000002582                cc2420_on
 .text.cc2420_off
                0x00000000000025ae       0x3e contiki-micaz.a(cc2420.o)
                0x00000000000025ae                cc2420_off
 .text.cc2420_cca
                0x00000000000025ec       0x9c contiki-micaz.a(cc2420.o)
 .text.getrxdata
                0x0000000000002688       0x38 contiki-micaz.a(cc2420.o)
 .text.cc2420_read
                0x00000000000026c0      0x1c4 contiki-micaz.a(cc2420.o)
 .text.process_thread_cc2420_process
                0x0000000000002884       0x66 contiki-micaz.a(cc2420.o)
 .text.cc2420_set_channel
                0x00000000000028ea       0xa0 contiki-micaz.a(cc2420.o)
                0x00000000000028ea                cc2420_set_channel
 .text.cc2420_set_pan_addr
                0x000000000000298a      0x114 contiki-micaz.a(cc2420.o)
                0x000000000000298a                cc2420_set_pan_addr
 .text.cc2420_init
                0x0000000000002a9e       0xc8 contiki-micaz.a(cc2420.o)
                0x0000000000002a9e                cc2420_init
 .text.cc2420_interrupt
                0x0000000000002b66       0x3e contiki-micaz.a(cc2420.o)
                0x0000000000002b66                cc2420_interrupt
 .text.cc2420_get_txpower
                0x0000000000002ba4       0x30 contiki-micaz.a(cc2420.o)
                0x0000000000002ba4                cc2420_get_txpower
 .text.cc2420_transmit
                0x0000000000002bd4      0x186 contiki-micaz.a(cc2420.o)
 .text.cc2420_send
                0x0000000000002d5a       0x16 contiki-micaz.a(cc2420.o)
 .text.cc2420_arch_init
                0x0000000000002d70       0x1e contiki-micaz.a(cc2420-arch.o)
                0x0000000000002d70                cc2420_arch_init
 .text.__vector_7
                0x0000000000002d8e       0x50 contiki-micaz.a(cc2420-arch.o)
                0x0000000000002d8e                __vector_7
 .text.__vector_26
                0x0000000000002dde       0x5a contiki-micaz.a(rtimer-arch.o)
                0x0000000000002dde                __vector_26
 .text.rtimer_arch_init
                0x0000000000002e38       0x38 contiki-micaz.a(rtimer-arch.o)
                0x0000000000002e38                rtimer_arch_init
 .text.rtimer_arch_schedule
                0x0000000000002e70       0x24 contiki-micaz.a(rtimer-arch.o)
                0x0000000000002e70                rtimer_arch_schedule
 .text.field_len
                0x0000000000002e94       0xb2 contiki-micaz.a(frame802154.o)
 .text.frame802154_hdrlen
                0x0000000000002f46       0x3c contiki-micaz.a(frame802154.o)
                0x0000000000002f46                frame802154_hdrlen
 .text.frame802154_create
                0x0000000000002f82      0x1d6 contiki-micaz.a(frame802154.o)
                0x0000000000002f82                frame802154_create
 .text.frame802154_parse
                0x0000000000003158      0x18e contiki-micaz.a(frame802154.o)
                0x0000000000003158                frame802154_parse
 .text.memb_init
                0x00000000000032e6       0x40 contiki-micaz.a(memb.o)
                0x00000000000032e6                memb_init
 .text.memb_inmemb
                0x0000000000003326       0x3a contiki-micaz.a(memb.o)
                0x0000000000003326                memb_inmemb
 .text.timer_set
                0x0000000000003360       0x18 contiki-micaz.a(timer.o)
                0x0000000000003360                timer_set
 .text.timer_expired
                0x0000000000003378       0x2e contiki-micaz.a(timer.o)
                0x0000000000003378                timer_expired
 .text.spi_init
                0x00000000000033a6       0x16 contiki-micaz.a(spi.o)
                0x00000000000033a6                spi_init
 .text.libgcc   0x00000000000033bc       0x28 /usr/lib/gcc/avr/4.5.3/avr51/libgcc.a(_udivmodhi4.o)
                0x00000000000033bc                __udivmodhi4
 .text.avr-libc
                0x00000000000033e4       0xbc /usr/lib/gcc/avr/4.5.3/../../../avr/lib/avr51/libc.a(rand.o)
                0x000000000000347a                rand_r
                0x0000000000003480                rand
                0x000000000000348a                srand
 .text.avr-libc
                0x00000000000034a0       0x12 /usr/lib/gcc/avr/4.5.3/../../../avr/lib/avr51/libc.a(memcpy.o)
                0x00000000000034a0                memcpy
 .text.avr-libc
                0x00000000000034b2        0xe /usr/lib/gcc/avr/4.5.3/../../../avr/lib/avr51/libc.a(memset.o)
                0x00000000000034b2                memset
 .text.avr-libc
                0x00000000000034c0       0x24 /usr/lib/gcc/avr/4.5.3/../../../avr/lib/avr51/libc.a(printf.o)
                0x00000000000034c0                printf
 .text.avr-libc
                0x00000000000034e4       0x40 /usr/lib/gcc/avr/4.5.3/../../../avr/lib/avr51/libc.a(printf_p.o)
                0x00000000000034e4                printf_P
 .text.avr-libc
                0x0000000000003524      0x420 /usr/lib/gcc/avr/4.5.3/../../../avr/lib/avr51/libc.a(vfprintf_std.o)
                0x0000000000003524                vfprintf
 .text.avr-libc
                0x0000000000003944       0x20 /usr/lib/gcc/avr/4.5.3/../../../avr/lib/avr51/libc.a(eerd_block_atmega128.o)
                0x0000000000003944                __eerd_block_m128
                0x0000000000003948                __eerd_blraw_m128
 .text.avr-libc
                0x0000000000003964       0x16 /usr/lib/gcc/avr/4.5.3/../../../avr/lib/avr51/libc.a(strnlen_P.o)
                0x0000000000003964                strnlen_P
 .text.avr-libc
                0x000000000000397a       0x16 /usr/lib/gcc/avr/4.5.3/../../../avr/lib/avr51/libc.a(strnlen.o)
                0x000000000000397a                strnlen
 .text.avr-libc
                0x0000000000003990       0x58 /usr/lib/gcc/avr/4.5.3/../../../avr/lib/avr51/libc.a(fputc.o)
                0x0000000000003990                fputc
 .text.avr-libc
                0x00000000000039e8       0xbc /usr/lib/gcc/avr/4.5.3/../../../avr/lib/avr51/libc.a(ultoa_invert.o)
                0x00000000000039e8                __ultoa_invert
 .text.libgcc   0x0000000000003aa4       0x3e /usr/lib/gcc/avr/4.5.3/avr51/libgcc.a(_mulsi3.o)
                0x0000000000003aa4                __mulsi3
 .text.libgcc   0x0000000000003ae2       0x36 /usr/lib/gcc/avr/4.5.3/avr51/libgcc.a(_divmodsi4.o)
                0x0000000000003ae2                __divmodsi4
 .text.libgcc   0x0000000000003b18       0x44 /usr/lib/gcc/avr/4.5.3/avr51/libgcc.a(_udivmodsi4.o)
                0x0000000000003b18                __udivmodsi4
                0x0000000000003b5c                . = ALIGN (0x2)
 *(.fini9)
 .fini9         0x0000000000003b5c        0x0 /usr/lib/gcc/avr/4.5.3/avr51/libgcc.a(_exit.o)
                0x0000000000003b5c                exit
                0x0000000000003b5c                _exit
 *(.fini9)
 *(.fini8)
 *(.fini8)
 *(.fini7)
 *(.fini7)
 *(.fini6)
 *(.fini6)
 *(.fini5)
 *(.fini5)
 *(.fini4)
 *(.fini4)
 *(.fini3)
 *(.fini3)
 *(.fini2)
 *(.fini2)
 *(.fini1)
 *(.fini1)
 *(.fini0)
 .fini0         0x0000000000003b5c        0x4 /usr/lib/gcc/avr/4.5.3/avr51/libgcc.a(_exit.o)
 *(.fini0)
                0x0000000000003b60                _etext = .

.data           0x0000000000800100       0xf4 load address 0x0000000000003b60
                0x0000000000800100                PROVIDE (__data_start, .)
 *(.data)
 .data          0x0000000000800100       0x35 sink.co
                0x0000000000800125                sink_process
                0x000000000080012d                autostart_processes
 .data          0x0000000000800135        0x8 contiki-micaz.a(broadcast.o)
 .data          0x000000000080013d        0xa contiki-micaz.a(unicast.o)
 .data          0x0000000000800147        0x2 contiki-micaz.a(abc.o)
 .data          0x0000000000800149        0x2 contiki-micaz.a(rimeaddr.o)
                0x0000000000800149                rimeaddr_null
 .data          0x000000000080014b        0xb contiki-micaz.a(rime.o)
                0x0000000000800150                rime_driver
 .data          0x0000000000800156        0x4 contiki-micaz.a(broadcast-annou)
 .data          0x000000000080015a        0xf contiki-micaz.a(chameleon-bitop)
                0x000000000080015a                chameleon_bitopt
 .data          0x0000000000800169       0x16 contiki-micaz.a(nullmac.o)
                0x0000000000800171                nullmac_driver
 .data          0x000000000080017f       0x18 contiki-micaz.a(nullrdc.o)
                0x0000000000800187                nullrdc_driver
 .data          0x0000000000800197        0x4 contiki-micaz.a(framer-802154.o)
                0x0000000000800197                framer_802154
 .data          0x000000000080019b        0x8 contiki-micaz.a(etimer.o)
                0x000000000080019b                etimer_process
 .data          0x00000000008001a3        0x8 contiki-micaz.a(ctimer.o)
                0x00000000008001a3                ctimer_process
 .data          0x00000000008001ab       0x18 contiki-micaz.a(queuebuf.o)
 .data          0x00000000008001c3        0xe contiki-micaz.a(rs232.o)
 .data          0x00000000008001d1       0x1c contiki-micaz.a(cc2420.o)
                0x00000000008001d1                cc2420_process
                0x00000000008001d9                cc2420_driver
 .data          0x00000000008001ed        0x2 contiki-micaz.a(frame802154.o)
 .data          0x00000000008001ef        0x4 /usr/lib/gcc/avr/4.5.3/../../../avr/lib/avr51/libc.a(rand.o)
 *(.data*)
 *(.rodata)
 *(.rodata*)
 *(.gnu.linkonce.d*)
                0x00000000008001f4                . = ALIGN (0x2)
 *fill*         0x00000000008001f3        0x1 00
                0x00000000008001f4                _edata = .
                0x00000000008001f4                PROVIDE (__data_end, .)

.bss            0x00000000008001f4      0x86b
                0x00000000008001f4                PROVIDE (__bss_start, .)
 *(.bss)
 .bss           0x00000000008001f4       0x18 sink.co
 .bss           0x000000000080020c        0x2 contiki-micaz.a(channel.o)
 .bss           0x000000000080020e       0xb9 contiki-micaz.a(packetbuf.o)
 .bss           0x00000000008002c7        0x2 contiki-micaz.a(node-id.o)
                0x00000000008002c7                node_id
 .bss           0x00000000008002c9        0x8 contiki-micaz.a(clock.o)
 .bss           0x00000000008002d1        0x2 contiki-micaz.a(leds.o)
 .bss           0x00000000008002d3        0x2 contiki-micaz.a(rime.o)
 .bss           0x00000000008002d5        0x6 contiki-micaz.a(announcement.o)
 .bss           0x00000000008002db       0x35 contiki-micaz.a(broadcast-annou)
 .bss           0x0000000000800310        0x2 contiki-micaz.a(framer-802154.o)
 .bss           0x0000000000800312       0x38 contiki-micaz.a(process.o)
                0x0000000000800312                process_list
                0x0000000000800314                process_current
 .bss           0x000000000080034a        0x4 contiki-micaz.a(etimer.o)
 .bss           0x000000000080034e        0x3 contiki-micaz.a(ctimer.o)
 .bss           0x0000000000800351        0x2 contiki-micaz.a(rtimer.o)
 .bss           0x0000000000800353      0x65c contiki-micaz.a(queuebuf.o)
 .bss           0x00000000008009af        0x1 contiki-micaz.a(rs232.o)
 .bss           0x00000000008009b0        0x9 contiki-micaz.a(cc2420.o)
 *(.bss*)
 *(COMMON)
 COMMON         0x00000000008009b9       0x38 contiki-micaz.a(packetbuf.o)
                0x00000000008009b9                packetbuf_addrs
                0x00000000008009c1                packetbuf_attrs
 COMMON         0x00000000008009f1        0x8 contiki-micaz.a(ds2401.o)
                0x00000000008009f1                ds2401_id
 COMMON         0x00000000008009f9        0x2 contiki-micaz.a(rimeaddr.o)
                0x00000000008009f9                rimeaddr_node_addr
 COMMON         0x00000000008009fb       0x48 contiki-micaz.a(rimestats.o)
                0x00000000008009fb                rimestats
 COMMON         0x0000000000800a43        0x1 contiki-micaz.a(process.o)
                0x0000000000800a43                process_maxevents
 COMMON         0x0000000000800a44        0x4 contiki-micaz.a(rs232.o)
                0x0000000000800a44                input_handler_1
                0x0000000000800a46                input_handler_0
 COMMON         0x0000000000800a48       0x11 contiki-micaz.a(cc2420.o)
                0x0000000000800a48                cc2420_last_rssi
                0x0000000000800a49                cc2420_packets_read
                0x0000000000800a4b                cc2420_packets_seen
                0x0000000000800a4d                cc2420_sfd_start_time
                0x0000000000800a4f                cc2420_time_of_departure
                0x0000000000800a51                cc2420_time_of_arrival
                0x0000000000800a53                cc2420_last_correlation
                0x0000000000800a54                cc2420_authority_level_of_sender
                0x0000000000800a56                cc2420_sfd_counter
                0x0000000000800a57                cc2420_sfd_end_time
 COMMON         0x0000000000800a59        0x6 /usr/lib/gcc/avr/4.5.3/../../../avr/lib/avr51/libc.a(iob.o)
                0x0000000000800a59                __iob
                0x0000000000800a5f                PROVIDE (__bss_end, .)
                0x0000000000003b60                __data_load_start = LOADADDR (.data)
                0x0000000000003c54                __data_load_end = (__data_load_start + SIZEOF (.data))

.noinit         0x0000000000800a5f        0x0
                0x0000000000800a5f                PROVIDE (__noinit_start, .)
 *(.noinit*)
                0x0000000000800a5f                PROVIDE (__noinit_end, .)
                0x0000000000800a5f                _end = .
                0x0000000000800a5f                PROVIDE (__heap_start, .)

.eeprom         0x0000000000810000        0x0
 *(.eeprom*)
                0x0000000000810000                __eeprom_end = .

.fuse
 *(.fuse)
 *(.lfuse)
 *(.hfuse)
 *(.efuse)

.lock
 *(.lock*)

.signature
 *(.signature*)

.stab           0x0000000000000000     0x2778
 *(.stab)
 .stab          0x0000000000000000      0x6cc /usr/lib/gcc/avr/4.5.3/../../../avr/lib/avr51/crtm128.o
 .stab          0x00000000000006cc      0x360 /usr/lib/gcc/avr/4.5.3/../../../avr/lib/avr51/libc.a(malloc.o)
                                        0x75c (size before relaxing)
 .stab          0x0000000000000a2c      0x2d0 /usr/lib/gcc/avr/4.5.3/../../../avr/lib/avr51/libc.a(rand.o)
                                        0x330 (size before relaxing)
 .stab          0x0000000000000cfc       0x84 /usr/lib/gcc/avr/4.5.3/../../../avr/lib/avr51/libc.a(memcpy.o)
                                         0x90 (size before relaxing)
 .stab          0x0000000000000d80       0x6c /usr/lib/gcc/avr/4.5.3/../../../avr/lib/avr51/libc.a(memset.o)
                                         0x78 (size before relaxing)
 .stab          0x0000000000000dec      0x180 /usr/lib/gcc/avr/4.5.3/../../../avr/lib/avr51/libc.a(iob.o)
                                        0x30c (size before relaxing)
 .stab          0x0000000000000f6c      0x18c /usr/lib/gcc/avr/4.5.3/../../../avr/lib/avr51/libc.a(printf.o)
                                        0x36c (size before relaxing)
 .stab          0x00000000000010f8      0x1a4 /usr/lib/gcc/avr/4.5.3/../../../avr/lib/avr51/libc.a(printf_p.o)
                                        0x384 (size before relaxing)
 .stab          0x000000000000129c      0xac8 /usr/lib/gcc/avr/4.5.3/../../../avr/lib/avr51/libc.a(vfprintf_std.o)
                                        0xcd8 (size before relaxing)
 .stab          0x0000000000001d64      0x108 /usr/lib/gcc/avr/4.5.3/../../../avr/lib/avr51/libc.a(eerd_block_atmega128.o)
                                        0x114 (size before relaxing)
 .stab          0x0000000000001e6c       0x9c /usr/lib/gcc/avr/4.5.3/../../../avr/lib/avr51/libc.a(eewr_block_atmega128.o)
                                         0xa8 (size before relaxing)
 .stab          0x0000000000001f08       0xd8 /usr/lib/gcc/avr/4.5.3/../../../avr/lib/avr51/libc.a(eewr_byte_atmega128.o)
                                         0xe4 (size before relaxing)
 .stab          0x0000000000001fe0       0x9c /usr/lib/gcc/avr/4.5.3/../../../avr/lib/avr51/libc.a(strnlen_P.o)
                                         0xa8 (size before relaxing)
 .stab          0x000000000000207c       0x9c /usr/lib/gcc/avr/4.5.3/../../../avr/lib/avr51/libc.a(strnlen.o)
                                         0xa8 (size before relaxing)
 .stab          0x0000000000002118      0x1e0 /usr/lib/gcc/avr/4.5.3/../../../avr/lib/avr51/libc.a(fputc.o)
                                        0x3c0 (size before relaxing)
 .stab          0x00000000000022f8      0x480 /usr/lib/gcc/avr/4.5.3/../../../avr/lib/avr51/libc.a(ultoa_invert.o)
                                        0x48c (size before relaxing)

.stabstr        0x0000000000000000      0xfe5
 *(.stabstr)
 .stabstr       0x0000000000000000      0xfe5 /usr/lib/gcc/avr/4.5.3/../../../avr/lib/avr51/crtm128.o

.stab.excl
 *(.stab.excl)

.stab.exclstr
 *(.stab.exclstr)

.stab.index
 *(.stab.index)

.stab.indexstr
 *(.stab.indexstr)

.comment
 *(.comment)

.debug
 *(.debug)

.line
 *(.line)

.debug_srcinfo
 *(.debug_srcinfo)

.debug_sfnames
 *(.debug_sfnames)

.debug_aranges  0x0000000000000000      0xc88
 *(.debug_aranges)
 .debug_aranges
                0x0000000000000000       0x28 sink.co
 .debug_aranges
                0x0000000000000028       0x68 obj_micaz/util.o
 .debug_aranges
                0x0000000000000090       0xa0 obj_micaz/semantik.o
 .debug_aranges
                0x0000000000000130       0x40 contiki-micaz.a(broadcast.o)
 .debug_aranges
                0x0000000000000170       0x40 contiki-micaz.a(unicast.o)
 .debug_aranges
                0x00000000000001b0       0x40 contiki-micaz.a(abc.o)
 .debug_aranges
                0x00000000000001f0       0x40 contiki-micaz.a(channel.o)
 .debug_aranges
                0x0000000000000230       0x78 contiki-micaz.a(list.o)
 .debug_aranges
                0x00000000000002a8       0xc0 contiki-micaz.a(packetbuf.o)
 .debug_aranges
                0x0000000000000368       0x28 contiki-micaz.a(contiki-micaz-m)
 .debug_aranges
                0x0000000000000390       0x20 contiki-micaz.a(init-net.o)
 .debug_aranges
                0x00000000000003b0       0x28 contiki-micaz.a(node-id.o)
 .debug_aranges
                0x00000000000003d8       0x50 contiki-micaz.a(clock.o)
 .debug_aranges
                0x0000000000000428       0x30 contiki-micaz.a(ds2401.o)
 .debug_aranges
                0x0000000000000458       0x28 contiki-micaz.a(eeprom.o)
 .debug_aranges
                0x0000000000000480       0x58 contiki-micaz.a(leds.o)
 .debug_aranges
                0x00000000000004d8       0x30 contiki-micaz.a(rimeaddr.o)
 .debug_aranges
                0x0000000000000508       0x48 contiki-micaz.a(rime.o)
 .debug_aranges
                0x0000000000000550       0x70 contiki-micaz.a(announcement.o)
 .debug_aranges
                0x00000000000005c0       0x60 contiki-micaz.a(broadcast-annou)
 .debug_aranges
                0x0000000000000620       0x38 contiki-micaz.a(chameleon.o)
 .debug_aranges
                0x0000000000000658       0x50 contiki-micaz.a(chameleon-bitop)
 .debug_aranges
                0x00000000000006a8       0x48 contiki-micaz.a(nullmac.o)
 .debug_aranges
                0x00000000000006f0       0x50 contiki-micaz.a(nullrdc.o)
 .debug_aranges
                0x0000000000000740       0x20 contiki-micaz.a(mac.o)
 .debug_aranges
                0x0000000000000760       0x28 contiki-micaz.a(framer-802154.o)
 .debug_aranges
                0x0000000000000788       0x80 contiki-micaz.a(process.o)
 .debug_aranges
                0x0000000000000808       0x28 contiki-micaz.a(autostart.o)
 .debug_aranges
                0x0000000000000830       0x88 contiki-micaz.a(etimer.o)
 .debug_aranges
                0x00000000000008b8       0x50 contiki-micaz.a(ctimer.o)
 .debug_aranges
                0x0000000000000908       0x30 contiki-micaz.a(rtimer.o)
 .debug_aranges
                0x0000000000000938       0x28 contiki-micaz.a(random.o)
 .debug_aranges
                0x0000000000000960       0x68 contiki-micaz.a(queuebuf.o)
 .debug_aranges
                0x00000000000009c8       0x60 contiki-micaz.a(rs232.o)
 .debug_aranges
                0x0000000000000a28       0x30 contiki-micaz.a(leds-arch.o)
 .debug_aranges
                0x0000000000000a58      0x108 contiki-micaz.a(cc2420.o)
 .debug_aranges
                0x0000000000000b60       0x28 contiki-micaz.a(cc2420-arch.o)
 .debug_aranges
                0x0000000000000b88       0x30 contiki-micaz.a(rtimer-arch.o)
 .debug_aranges
                0x0000000000000bb8       0x38 contiki-micaz.a(frame802154.o)
 .debug_aranges
                0x0000000000000bf0       0x38 contiki-micaz.a(memb.o)
 .debug_aranges
                0x0000000000000c28       0x40 contiki-micaz.a(timer.o)
 .debug_aranges
                0x0000000000000c68       0x20 contiki-micaz.a(spi.o)

.debug_pubnames
                0x0000000000000000     0x171a
 *(.debug_pubnames)
 .debug_pubnames
                0x0000000000000000       0x3b sink.co
 .debug_pubnames
                0x000000000000003b      0x10a obj_micaz/util.o
 .debug_pubnames
                0x0000000000000145      0x1dd obj_micaz/semantik.o
 .debug_pubnames
                0x0000000000000322       0x30 symbols.o
 .debug_pubnames
                0x0000000000000352       0x4c contiki-micaz.a(broadcast.o)
 .debug_pubnames
                0x000000000000039e       0x46 contiki-micaz.a(unicast.o)
 .debug_pubnames
                0x00000000000003e4       0x55 contiki-micaz.a(abc.o)
 .debug_pubnames
                0x0000000000000439       0x74 contiki-micaz.a(channel.o)
 .debug_pubnames
                0x00000000000004ad       0xc3 contiki-micaz.a(list.o)
 .debug_pubnames
                0x0000000000000570      0x22c contiki-micaz.a(packetbuf.o)
 .debug_pubnames
                0x000000000000079c       0x2a contiki-micaz.a(contiki-micaz-m)
 .debug_pubnames
                0x00000000000007c6       0x1f contiki-micaz.a(init-net.o)
 .debug_pubnames
                0x00000000000007e5       0x43 contiki-micaz.a(node-id.o)
 .debug_pubnames
                0x0000000000000828       0x87 contiki-micaz.a(clock.o)
 .debug_pubnames
                0x00000000000008af       0x30 contiki-micaz.a(ds2401.o)
 .debug_pubnames
                0x00000000000008df       0x33 contiki-micaz.a(eeprom.o)
 .debug_pubnames
                0x0000000000000912       0x75 contiki-micaz.a(leds.o)
 .debug_pubnames
                0x0000000000000987       0x79 contiki-micaz.a(rimeaddr.o)
 .debug_pubnames
                0x0000000000000a00       0x5f contiki-micaz.a(rime.o)
 .debug_pubnames
                0x0000000000000a5f       0x20 contiki-micaz.a(rimestats.o)
 .debug_pubnames
                0x0000000000000a7f      0x144 contiki-micaz.a(announcement.o)
 .debug_pubnames
                0x0000000000000bc3       0x7d contiki-micaz.a(broadcast-annou)
 .debug_pubnames
                0x0000000000000c40       0x64 contiki-micaz.a(chameleon.o)
 .debug_pubnames
                0x0000000000000ca4       0x6b contiki-micaz.a(chameleon-bitop)
 .debug_pubnames
                0x0000000000000d0f       0x25 contiki-micaz.a(nullmac.o)
 .debug_pubnames
                0x0000000000000d34       0x25 contiki-micaz.a(nullrdc.o)
 .debug_pubnames
                0x0000000000000d59       0x2d contiki-micaz.a(mac.o)
 .debug_pubnames
                0x0000000000000d86       0x24 contiki-micaz.a(framer-802154.o)
 .debug_pubnames
                0x0000000000000daa      0x10d contiki-micaz.a(process.o)
 .debug_pubnames
                0x0000000000000eb7       0x39 contiki-micaz.a(autostart.o)
 .debug_pubnames
                0x0000000000000ef0      0x109 contiki-micaz.a(etimer.o)
 .debug_pubnames
                0x0000000000000ff9       0x8b contiki-micaz.a(ctimer.o)
 .debug_pubnames
                0x0000000000001084       0x45 contiki-micaz.a(rtimer.o)
 .debug_pubnames
                0x00000000000010c9       0x32 contiki-micaz.a(random.o)
 .debug_pubnames
                0x00000000000010fb       0xff contiki-micaz.a(queuebuf.o)
 .debug_pubnames
                0x00000000000011fa       0xe4 contiki-micaz.a(rs232.o)
 .debug_pubnames
                0x00000000000012de       0x49 contiki-micaz.a(leds-arch.o)
 .debug_pubnames
                0x0000000000001327      0x236 contiki-micaz.a(cc2420.o)
 .debug_pubnames
                0x000000000000155d       0x36 contiki-micaz.a(cc2420-arch.o)
 .debug_pubnames
                0x0000000000001593       0x50 contiki-micaz.a(rtimer-arch.o)
 .debug_pubnames
                0x00000000000015e3       0x56 contiki-micaz.a(frame802154.o)
 .debug_pubnames
                0x0000000000001639       0x4d contiki-micaz.a(memb.o)
 .debug_pubnames
                0x0000000000001686       0x68 contiki-micaz.a(timer.o)
 .debug_pubnames
                0x00000000000016ee       0x2c contiki-micaz.a(spi.o)

.debug_info     0x0000000000000000     0xb041
 *(.debug_info)
 .debug_info    0x0000000000000000      0x5db sink.co
 .debug_info    0x00000000000005db      0x3bc obj_micaz/util.o
 .debug_info    0x0000000000000997      0x83a obj_micaz/semantik.o
 .debug_info    0x00000000000011d1       0xaf symbols.o
 .debug_info    0x0000000000001280      0x589 contiki-micaz.a(broadcast.o)
 .debug_info    0x0000000000001809      0x630 contiki-micaz.a(unicast.o)
 .debug_info    0x0000000000001e39      0x454 contiki-micaz.a(abc.o)
 .debug_info    0x000000000000228d      0x2f2 contiki-micaz.a(channel.o)
 .debug_info    0x000000000000257f      0x349 contiki-micaz.a(list.o)
 .debug_info    0x00000000000028c8      0x629 contiki-micaz.a(packetbuf.o)
 .debug_info    0x0000000000002ef1      0x2c2 contiki-micaz.a(contiki-micaz-m)
 .debug_info    0x00000000000031b3      0x487 contiki-micaz.a(init-net.o)
 .debug_info    0x000000000000363a      0x149 contiki-micaz.a(node-id.o)
 .debug_info    0x0000000000003783      0x1f1 contiki-micaz.a(clock.o)
 .debug_info    0x0000000000003974      0x365 contiki-micaz.a(ds2401.o)
 .debug_info    0x0000000000003cd9      0x11d contiki-micaz.a(eeprom.o)
 .debug_info    0x0000000000003df6      0x1ca contiki-micaz.a(leds.o)
 .debug_info    0x0000000000003fc0      0x1ed contiki-micaz.a(rimeaddr.o)
 .debug_info    0x00000000000041ad      0x60f contiki-micaz.a(rime.o)
 .debug_info    0x00000000000047bc      0x142 contiki-micaz.a(rimestats.o)
 .debug_info    0x00000000000048fe      0x3ed contiki-micaz.a(announcement.o)
 .debug_info    0x0000000000004ceb      0x858 contiki-micaz.a(broadcast-annou)
 .debug_info    0x0000000000005543      0x424 contiki-micaz.a(chameleon.o)
 .debug_info    0x0000000000005967      0x7c7 contiki-micaz.a(chameleon-bitop)
 .debug_info    0x000000000000612e      0x44a contiki-micaz.a(nullmac.o)
 .debug_info    0x0000000000006578      0x756 contiki-micaz.a(nullrdc.o)
 .debug_info    0x0000000000006cce      0x114 contiki-micaz.a(mac.o)
 .debug_info    0x0000000000006de2      0x657 contiki-micaz.a(framer-802154.o)
 .debug_info    0x0000000000007439      0x574 contiki-micaz.a(process.o)
 .debug_info    0x00000000000079ad      0x19f contiki-micaz.a(autostart.o)
 .debug_info    0x0000000000007b4c      0x4d2 contiki-micaz.a(etimer.o)
 .debug_info    0x000000000000801e      0x46c contiki-micaz.a(ctimer.o)
 .debug_info    0x000000000000848a      0x1be contiki-micaz.a(rtimer.o)
 .debug_info    0x0000000000008648       0xa7 contiki-micaz.a(random.o)
 .debug_info    0x00000000000086ef      0x6e6 contiki-micaz.a(queuebuf.o)
 .debug_info    0x0000000000008dd5      0x3b6 contiki-micaz.a(rs232.o)
 .debug_info    0x000000000000918b       0xc1 contiki-micaz.a(leds-arch.o)
 .debug_info    0x000000000000924c     0x131e contiki-micaz.a(cc2420.o)
 .debug_info    0x000000000000a56a      0x16e contiki-micaz.a(cc2420-arch.o)
 .debug_info    0x000000000000a6d8       0xf9 contiki-micaz.a(rtimer-arch.o)
 .debug_info    0x000000000000a7d1      0x4a8 contiki-micaz.a(frame802154.o)
 .debug_info    0x000000000000ac79      0x1ad contiki-micaz.a(memb.o)
 .debug_info    0x000000000000ae26      0x184 contiki-micaz.a(timer.o)
 .debug_info    0x000000000000afaa       0x97 contiki-micaz.a(spi.o)
 *(.gnu.linkonce.wi.*)

.debug_abbrev   0x0000000000000000     0x40d6
 *(.debug_abbrev)
 .debug_abbrev  0x0000000000000000      0x1df sink.co
 .debug_abbrev  0x00000000000001df      0x190 obj_micaz/util.o
 .debug_abbrev  0x000000000000036f      0x24d obj_micaz/semantik.o
 .debug_abbrev  0x00000000000005bc       0x82 symbols.o
 .debug_abbrev  0x000000000000063e      0x1e7 contiki-micaz.a(broadcast.o)
 .debug_abbrev  0x0000000000000825      0x1f8 contiki-micaz.a(unicast.o)
 .debug_abbrev  0x0000000000000a1d      0x182 contiki-micaz.a(abc.o)
 .debug_abbrev  0x0000000000000b9f      0x169 contiki-micaz.a(channel.o)
 .debug_abbrev  0x0000000000000d08      0x13a contiki-micaz.a(list.o)
 .debug_abbrev  0x0000000000000e42      0x22b contiki-micaz.a(packetbuf.o)
 .debug_abbrev  0x000000000000106d      0x137 contiki-micaz.a(contiki-micaz-m)
 .debug_abbrev  0x00000000000011a4      0x1a2 contiki-micaz.a(init-net.o)
 .debug_abbrev  0x0000000000001346       0xcc contiki-micaz.a(node-id.o)
 .debug_abbrev  0x0000000000001412       0xe4 contiki-micaz.a(clock.o)
 .debug_abbrev  0x00000000000014f6      0x196 contiki-micaz.a(ds2401.o)
 .debug_abbrev  0x000000000000168c       0x8a contiki-micaz.a(eeprom.o)
 .debug_abbrev  0x0000000000001716       0xd4 contiki-micaz.a(leds.o)
 .debug_abbrev  0x00000000000017ea      0x17d contiki-micaz.a(rimeaddr.o)
 .debug_abbrev  0x0000000000001967      0x1fb contiki-micaz.a(rime.o)
 .debug_abbrev  0x0000000000001b62       0x5b contiki-micaz.a(rimestats.o)
 .debug_abbrev  0x0000000000001bbd      0x16a contiki-micaz.a(announcement.o)
 .debug_abbrev  0x0000000000001d27      0x22e contiki-micaz.a(broadcast-annou)
 .debug_abbrev  0x0000000000001f55      0x1cc contiki-micaz.a(chameleon.o)
 .debug_abbrev  0x0000000000002121      0x264 contiki-micaz.a(chameleon-bitop)
 .debug_abbrev  0x0000000000002385      0x1d4 contiki-micaz.a(nullmac.o)
 .debug_abbrev  0x0000000000002559      0x26c contiki-micaz.a(nullrdc.o)
 .debug_abbrev  0x00000000000027c5       0xa0 contiki-micaz.a(mac.o)
 .debug_abbrev  0x0000000000002865      0x227 contiki-micaz.a(framer-802154.o)
 .debug_abbrev  0x0000000000002a8c      0x2df contiki-micaz.a(process.o)
 .debug_abbrev  0x0000000000002d6b       0xf5 contiki-micaz.a(autostart.o)
 .debug_abbrev  0x0000000000002e60      0x20b contiki-micaz.a(etimer.o)
 .debug_abbrev  0x000000000000306b      0x1b5 contiki-micaz.a(ctimer.o)
 .debug_abbrev  0x0000000000003220      0x12a contiki-micaz.a(rtimer.o)
 .debug_abbrev  0x000000000000334a       0x67 contiki-micaz.a(random.o)
 .debug_abbrev  0x00000000000033b1      0x1f3 contiki-micaz.a(queuebuf.o)
 .debug_abbrev  0x00000000000035a4      0x186 contiki-micaz.a(rs232.o)
 .debug_abbrev  0x000000000000372a       0x87 contiki-micaz.a(leds-arch.o)
 .debug_abbrev  0x00000000000037b1      0x412 contiki-micaz.a(cc2420.o)
 .debug_abbrev  0x0000000000003bc3       0xc8 contiki-micaz.a(cc2420-arch.o)
 .debug_abbrev  0x0000000000003c8b       0x96 contiki-micaz.a(rtimer-arch.o)
 .debug_abbrev  0x0000000000003d21      0x19c contiki-micaz.a(frame802154.o)
 .debug_abbrev  0x0000000000003ebd       0xea contiki-micaz.a(memb.o)
 .debug_abbrev  0x0000000000003fa7       0xd2 contiki-micaz.a(timer.o)
 .debug_abbrev  0x0000000000004079       0x5d contiki-micaz.a(spi.o)

.debug_line     0x0000000000000000     0x7cd0
 *(.debug_line)
 .debug_line    0x0000000000000000      0x225 sink.co
 .debug_line    0x0000000000000225      0x2dc obj_micaz/util.o
 .debug_line    0x0000000000000501      0xa84 obj_micaz/semantik.o
 .debug_line    0x0000000000000f85       0x7b symbols.o
 .debug_line    0x0000000000001000      0x209 contiki-micaz.a(broadcast.o)
 .debug_line    0x0000000000001209      0x219 contiki-micaz.a(unicast.o)
 .debug_line    0x0000000000001422      0x1d5 contiki-micaz.a(abc.o)
 .debug_line    0x00000000000015f7      0x205 contiki-micaz.a(channel.o)
 .debug_line    0x00000000000017fc      0x348 contiki-micaz.a(list.o)
 .debug_line    0x0000000000001b44      0x4d3 contiki-micaz.a(packetbuf.o)
 .debug_line    0x0000000000002017      0x291 contiki-micaz.a(contiki-micaz-m)
 .debug_line    0x00000000000022a8      0x275 contiki-micaz.a(init-net.o)
 .debug_line    0x000000000000251d      0x154 contiki-micaz.a(node-id.o)
 .debug_line    0x0000000000002671      0x286 contiki-micaz.a(clock.o)
 .debug_line    0x00000000000028f7      0x304 contiki-micaz.a(ds2401.o)
 .debug_line    0x0000000000002bfb      0x125 contiki-micaz.a(eeprom.o)
 .debug_line    0x0000000000002d20      0x1b0 contiki-micaz.a(leds.o)
 .debug_line    0x0000000000002ed0      0x127 contiki-micaz.a(rimeaddr.o)
 .debug_line    0x0000000000002ff7      0x2f1 contiki-micaz.a(rime.o)
 .debug_line    0x00000000000032e8       0x81 contiki-micaz.a(rimestats.o)
 .debug_line    0x0000000000003369      0x2ed contiki-micaz.a(announcement.o)
 .debug_line    0x0000000000003656      0x3f3 contiki-micaz.a(broadcast-annou)
 .debug_line    0x0000000000003a49      0x1d3 contiki-micaz.a(chameleon.o)
 .debug_line    0x0000000000003c1c      0x4c1 contiki-micaz.a(chameleon-bitop)
 .debug_line    0x00000000000040dd      0x1f6 contiki-micaz.a(nullmac.o)
 .debug_line    0x00000000000042d3      0x2fc contiki-micaz.a(nullrdc.o)
 .debug_line    0x00000000000045cf       0x96 contiki-micaz.a(mac.o)
 .debug_line    0x0000000000004665      0x32d contiki-micaz.a(framer-802154.o)
 .debug_line    0x0000000000004992      0x4e7 contiki-micaz.a(process.o)
 .debug_line    0x0000000000004e79      0x105 contiki-micaz.a(autostart.o)
 .debug_line    0x0000000000004f7e      0x48f contiki-micaz.a(etimer.o)
 .debug_line    0x000000000000540d      0x39c contiki-micaz.a(ctimer.o)
 .debug_line    0x00000000000057a9      0x124 contiki-micaz.a(rtimer.o)
 .debug_line    0x00000000000058cd       0xae contiki-micaz.a(random.o)
 .debug_line    0x000000000000597b      0x385 contiki-micaz.a(queuebuf.o)
 .debug_line    0x0000000000005d00      0x2e9 contiki-micaz.a(rs232.o)
 .debug_line    0x0000000000005fe9      0x155 contiki-micaz.a(leds-arch.o)
 .debug_line    0x000000000000613e      0xfa7 contiki-micaz.a(cc2420.o)
 .debug_line    0x00000000000070e5      0x1ac contiki-micaz.a(cc2420-arch.o)
 .debug_line    0x0000000000007291      0x1b2 contiki-micaz.a(rtimer-arch.o)
 .debug_line    0x0000000000007443      0x4b8 contiki-micaz.a(frame802154.o)
 .debug_line    0x00000000000078fb      0x194 contiki-micaz.a(memb.o)
 .debug_line    0x0000000000007a8f      0x167 contiki-micaz.a(timer.o)
 .debug_line    0x0000000000007bf6       0xda contiki-micaz.a(spi.o)

.debug_frame    0x0000000000000000     0x13d0
 *(.debug_frame)
 .debug_frame   0x0000000000000000       0x30 sink.co
 .debug_frame   0x0000000000000030       0xb0 obj_micaz/util.o
 .debug_frame   0x00000000000000e0      0x120 obj_micaz/semantik.o
 .debug_frame   0x0000000000000200       0x60 contiki-micaz.a(broadcast.o)
 .debug_frame   0x0000000000000260       0x60 contiki-micaz.a(unicast.o)
 .debug_frame   0x00000000000002c0       0x60 contiki-micaz.a(abc.o)
 .debug_frame   0x0000000000000320       0x60 contiki-micaz.a(channel.o)
 .debug_frame   0x0000000000000380       0xd0 contiki-micaz.a(list.o)
 .debug_frame   0x0000000000000450      0x160 contiki-micaz.a(packetbuf.o)
 .debug_frame   0x00000000000005b0       0x30 contiki-micaz.a(contiki-micaz-m)
 .debug_frame   0x00000000000005e0       0x20 contiki-micaz.a(init-net.o)
 .debug_frame   0x0000000000000600       0x30 contiki-micaz.a(node-id.o)
 .debug_frame   0x0000000000000630       0x80 contiki-micaz.a(clock.o)
 .debug_frame   0x00000000000006b0       0x40 contiki-micaz.a(ds2401.o)
 .debug_frame   0x00000000000006f0       0x30 contiki-micaz.a(eeprom.o)
 .debug_frame   0x0000000000000720       0x90 contiki-micaz.a(leds.o)
 .debug_frame   0x00000000000007b0       0x40 contiki-micaz.a(rimeaddr.o)
 .debug_frame   0x00000000000007f0       0x70 contiki-micaz.a(rime.o)
 .debug_frame   0x0000000000000860       0xc0 contiki-micaz.a(announcement.o)
 .debug_frame   0x0000000000000920       0xa0 contiki-micaz.a(broadcast-annou)
 .debug_frame   0x00000000000009c0       0x50 contiki-micaz.a(chameleon.o)
 .debug_frame   0x0000000000000a10       0x80 contiki-micaz.a(chameleon-bitop)
 .debug_frame   0x0000000000000a90       0x70 contiki-micaz.a(nullmac.o)
 .debug_frame   0x0000000000000b00       0x80 contiki-micaz.a(nullrdc.o)
 .debug_frame   0x0000000000000b80       0x20 contiki-micaz.a(mac.o)
 .debug_frame   0x0000000000000ba0       0x30 contiki-micaz.a(framer-802154.o)
 .debug_frame   0x0000000000000bd0       0xe0 contiki-micaz.a(process.o)
 .debug_frame   0x0000000000000cb0       0x30 contiki-micaz.a(autostart.o)
 .debug_frame   0x0000000000000ce0       0xf0 contiki-micaz.a(etimer.o)
 .debug_frame   0x0000000000000dd0       0x80 contiki-micaz.a(ctimer.o)
 .debug_frame   0x0000000000000e50       0x40 contiki-micaz.a(rtimer.o)
 .debug_frame   0x0000000000000e90       0x30 contiki-micaz.a(random.o)
 .debug_frame   0x0000000000000ec0       0xb0 contiki-micaz.a(queuebuf.o)
 .debug_frame   0x0000000000000f70       0xa0 contiki-micaz.a(rs232.o)
 .debug_frame   0x0000000000001010       0x40 contiki-micaz.a(leds-arch.o)
 .debug_frame   0x0000000000001050      0x1f0 contiki-micaz.a(cc2420.o)
 .debug_frame   0x0000000000001240       0x30 contiki-micaz.a(cc2420-arch.o)
 .debug_frame   0x0000000000001270       0x40 contiki-micaz.a(rtimer-arch.o)
 .debug_frame   0x00000000000012b0       0x50 contiki-micaz.a(frame802154.o)
 .debug_frame   0x0000000000001300       0x50 contiki-micaz.a(memb.o)
 .debug_frame   0x0000000000001350       0x60 contiki-micaz.a(timer.o)
 .debug_frame   0x00000000000013b0       0x20 contiki-micaz.a(spi.o)

.debug_str      0x0000000000000000     0x2d3f
 *(.debug_str)
 .debug_str     0x0000000000000000      0x208 sink.co
                                        0x2b2 (size before relaxing)
 .debug_str     0x0000000000000208      0x153 obj_micaz/util.o
                                        0x205 (size before relaxing)
 .debug_str     0x000000000000035b      0x2a4 obj_micaz/semantik.o
                                        0x365 (size before relaxing)
 .debug_str     0x00000000000005ff       0x20 symbols.o
                                         0x69 (size before relaxing)
 .debug_str     0x000000000000061f      0x379 contiki-micaz.a(broadcast.o)
                                        0x514 (size before relaxing)
 .debug_str     0x0000000000000998       0x86 contiki-micaz.a(unicast.o)
                                        0x53e (size before relaxing)
 .debug_str     0x0000000000000a1e       0x5a contiki-micaz.a(abc.o)
                                        0x4a5 (size before relaxing)
 .debug_str     0x0000000000000a78       0xa3 contiki-micaz.a(channel.o)
                                        0x1de (size before relaxing)
 .debug_str     0x0000000000000b1b       0xbe contiki-micaz.a(list.o)
                                         0xe0 (size before relaxing)
 .debug_str     0x0000000000000bd9      0x1fe contiki-micaz.a(packetbuf.o)
                                        0x5f3 (size before relaxing)
 .debug_str     0x0000000000000dd7       0x6b contiki-micaz.a(contiki-micaz-m)
                                        0x1c9 (size before relaxing)
 .debug_str     0x0000000000000e42       0xf7 contiki-micaz.a(init-net.o)
                                        0x204 (size before relaxing)
 .debug_str     0x0000000000000f39       0x73 contiki-micaz.a(node-id.o)
                                        0x119 (size before relaxing)
 .debug_str     0x0000000000000fac       0x92 contiki-micaz.a(clock.o)
                                        0x146 (size before relaxing)
 .debug_str     0x000000000000103e       0x83 contiki-micaz.a(ds2401.o)
                                        0x139 (size before relaxing)
 .debug_str     0x00000000000010c1       0x3a contiki-micaz.a(eeprom.o)
                                         0xf9 (size before relaxing)
 .debug_str     0x00000000000010fb       0x85 contiki-micaz.a(leds.o)
                                        0x117 (size before relaxing)
 .debug_str     0x0000000000001180       0x6e contiki-micaz.a(rimeaddr.o)
                                        0x12d (size before relaxing)
 .debug_str     0x00000000000011ee      0x17b contiki-micaz.a(rime.o)
                                        0x353 (size before relaxing)
 .debug_str     0x0000000000001369       0x31 contiki-micaz.a(rimestats.o)
                                         0xe2 (size before relaxing)
 .debug_str     0x000000000000139a      0x1b0 contiki-micaz.a(announcement.o)
                                        0x2b8 (size before relaxing)
 .debug_str     0x000000000000154a      0x19f contiki-micaz.a(broadcast-annou)
                                        0x40b (size before relaxing)
 .debug_str     0x00000000000016e9       0xa8 contiki-micaz.a(chameleon.o)
                                        0x4bc (size before relaxing)
 .debug_str     0x0000000000001791       0xd5 contiki-micaz.a(chameleon-bitop)
                                        0x553 (size before relaxing)
 .debug_str     0x0000000000001866       0x55 contiki-micaz.a(nullmac.o)
                                        0x1fc (size before relaxing)
 .debug_str     0x00000000000018bb       0xb6 contiki-micaz.a(nullrdc.o)
                                        0x607 (size before relaxing)
 .debug_str     0x0000000000001971       0x41 contiki-micaz.a(mac.o)
                                        0x142 (size before relaxing)
 .debug_str     0x00000000000019b2      0x1cd contiki-micaz.a(framer-802154.o)
                                        0x602 (size before relaxing)
 .debug_str     0x0000000000001b7f      0x180 contiki-micaz.a(process.o)
                                        0x270 (size before relaxing)
 .debug_str     0x0000000000001cff       0x4b contiki-micaz.a(autostart.o)
                                        0x128 (size before relaxing)
 .debug_str     0x0000000000001d4a      0x144 contiki-micaz.a(etimer.o)
                                        0x27d (size before relaxing)
 .debug_str     0x0000000000001e8e       0xbe contiki-micaz.a(ctimer.o)
                                        0x211 (size before relaxing)
 .debug_str     0x0000000000001f4c       0xd8 contiki-micaz.a(rtimer.o)
                                        0x16f (size before relaxing)
 .debug_str     0x0000000000002024       0x46 contiki-micaz.a(random.o)
                                         0xcc (size before relaxing)
 .debug_str     0x000000000000206a      0x19b contiki-micaz.a(queuebuf.o)
                                        0x5c1 (size before relaxing)
 .debug_str     0x0000000000002205      0x11b contiki-micaz.a(rs232.o)
                                        0x1c4 (size before relaxing)
 .debug_str     0x0000000000002320       0x61 contiki-micaz.a(leds-arch.o)
                                         0xf4 (size before relaxing)
 .debug_str     0x0000000000002381      0x766 contiki-micaz.a(cc2420.o)
                                        0xdc6 (size before relaxing)
 .debug_str     0x0000000000002ae7       0x54 contiki-micaz.a(cc2420-arch.o)
                                        0x14f (size before relaxing)
 .debug_str     0x0000000000002b3b       0x61 contiki-micaz.a(rtimer-arch.o)
                                        0x111 (size before relaxing)
 .debug_str     0x0000000000002b9c       0xdb contiki-micaz.a(frame802154.o)
                                        0x2eb (size before relaxing)
 .debug_str     0x0000000000002c77       0x57 contiki-micaz.a(memb.o)
                                         0xf2 (size before relaxing)
 .debug_str     0x0000000000002cce       0x38 contiki-micaz.a(timer.o)
                                        0x117 (size before relaxing)
 .debug_str     0x0000000000002d06       0x39 contiki-micaz.a(spi.o)
                                         0xc7 (size before relaxing)

.debug_loc      0x0000000000000000     0x5554
 *(.debug_loc)
 .debug_loc     0x0000000000000000       0xa3 sink.co
 .debug_loc     0x00000000000000a3      0x271 obj_micaz/util.o
 .debug_loc     0x0000000000000314     0x1312 obj_micaz/semantik.o
 .debug_loc     0x0000000000001626      0x168 contiki-micaz.a(broadcast.o)
 .debug_loc     0x000000000000178e      0x1b0 contiki-micaz.a(unicast.o)
 .debug_loc     0x000000000000193e      0x138 contiki-micaz.a(abc.o)
 .debug_loc     0x0000000000001a76      0x12c contiki-micaz.a(channel.o)
 .debug_loc     0x0000000000001ba2      0x41c contiki-micaz.a(list.o)
 .debug_loc     0x0000000000001fbe      0x217 contiki-micaz.a(packetbuf.o)
 .debug_loc     0x00000000000021d5       0x5c contiki-micaz.a(init-net.o)
 .debug_loc     0x0000000000002231       0x63 contiki-micaz.a(node-id.o)
 .debug_loc     0x0000000000002294       0x68 contiki-micaz.a(clock.o)
 .debug_loc     0x00000000000022fc      0x2bb contiki-micaz.a(ds2401.o)
 .debug_loc     0x00000000000025b7       0xd0 contiki-micaz.a(eeprom.o)
 .debug_loc     0x0000000000002687       0xbe contiki-micaz.a(leds.o)
 .debug_loc     0x0000000000002745      0x118 contiki-micaz.a(rimeaddr.o)
 .debug_loc     0x000000000000285d      0x168 contiki-micaz.a(rime.o)
 .debug_loc     0x00000000000029c5      0x224 contiki-micaz.a(announcement.o)
 .debug_loc     0x0000000000002be9      0x26b contiki-micaz.a(broadcast-annou)
 .debug_loc     0x0000000000002e54       0xd4 contiki-micaz.a(chameleon.o)
 .debug_loc     0x0000000000002f28      0x688 contiki-micaz.a(chameleon-bitop)
 .debug_loc     0x00000000000035b0       0x48 contiki-micaz.a(nullmac.o)
 .debug_loc     0x00000000000035f8      0x110 contiki-micaz.a(nullrdc.o)
 .debug_loc     0x0000000000003708       0x90 contiki-micaz.a(mac.o)
 .debug_loc     0x0000000000003798       0xd1 contiki-micaz.a(framer-802154.o)
 .debug_loc     0x0000000000003869      0x38f contiki-micaz.a(process.o)
 .debug_loc     0x0000000000003bf8       0x58 contiki-micaz.a(autostart.o)
 .debug_loc     0x0000000000003c50      0x42e contiki-micaz.a(etimer.o)
 .debug_loc     0x000000000000407e      0x311 contiki-micaz.a(ctimer.o)
 .debug_loc     0x000000000000438f       0xc7 contiki-micaz.a(rtimer.o)
 .debug_loc     0x0000000000004456       0x18 contiki-micaz.a(random.o)
 .debug_loc     0x000000000000446e      0x230 contiki-micaz.a(queuebuf.o)
 .debug_loc     0x000000000000469e      0x123 contiki-micaz.a(rs232.o)
 .debug_loc     0x00000000000047c1      0x7a0 contiki-micaz.a(cc2420.o)
 .debug_loc     0x0000000000004f61       0x24 contiki-micaz.a(rtimer-arch.o)
 .debug_loc     0x0000000000004f85      0x313 contiki-micaz.a(frame802154.o)
 .debug_loc     0x0000000000005298      0x1b0 contiki-micaz.a(memb.o)
 .debug_loc     0x0000000000005448      0x10c contiki-micaz.a(timer.o)

.debug_macinfo
 *(.debug_macinfo)
OUTPUT(sink.elf elf32-avr)
LOAD linker stubs

.bootloader     0x000000000001f800        0x0

.debug_pubtypes
                0x0000000000000000     0x166a
 .debug_pubtypes
                0x0000000000000000      0x172 sink.co
 .debug_pubtypes
                0x0000000000000172       0x79 obj_micaz/util.o
 .debug_pubtypes
                0x00000000000001eb       0x74 obj_micaz/semantik.o
 .debug_pubtypes
                0x000000000000025f       0x1e symbols.o
 .debug_pubtypes
                0x000000000000027d       0xe2 contiki-micaz.a(broadcast.o)
 .debug_pubtypes
                0x000000000000035f      0x109 contiki-micaz.a(unicast.o)
 .debug_pubtypes
                0x0000000000000468       0xb7 contiki-micaz.a(abc.o)
 .debug_pubtypes
                0x000000000000051f       0xa3 contiki-micaz.a(channel.o)
 .debug_pubtypes
                0x00000000000005c2       0x26 contiki-micaz.a(list.o)
 .debug_pubtypes
                0x00000000000005e8       0x75 contiki-micaz.a(packetbuf.o)
 .debug_pubtypes
                0x000000000000065d       0xac contiki-micaz.a(contiki-micaz-m)
 .debug_pubtypes
                0x0000000000000709       0x8f contiki-micaz.a(init-net.o)
 .debug_pubtypes
                0x0000000000000798       0x2b contiki-micaz.a(node-id.o)
 .debug_pubtypes
                0x00000000000007c3       0x2f contiki-micaz.a(clock.o)
 .debug_pubtypes
                0x00000000000007f2       0x2b contiki-micaz.a(ds2401.o)
 .debug_pubtypes
                0x000000000000081d       0x3d contiki-micaz.a(eeprom.o)
 .debug_pubtypes
                0x000000000000085a       0x12 contiki-micaz.a(leds.o)
 .debug_pubtypes
                0x000000000000086c       0x2d contiki-micaz.a(rimeaddr.o)
 .debug_pubtypes
                0x0000000000000899       0xf7 contiki-micaz.a(rime.o)
 .debug_pubtypes
                0x0000000000000990       0x20 contiki-micaz.a(rimestats.o)
 .debug_pubtypes
                0x00000000000009b0       0x8c contiki-micaz.a(announcement.o)
 .debug_pubtypes
                0x0000000000000a3c      0x1cf contiki-micaz.a(broadcast-annou)
 .debug_pubtypes
                0x0000000000000c0b       0xad contiki-micaz.a(chameleon.o)
 .debug_pubtypes
                0x0000000000000cb8       0xbc contiki-micaz.a(chameleon-bitop)
 .debug_pubtypes
                0x0000000000000d74       0xbe contiki-micaz.a(nullmac.o)
 .debug_pubtypes
                0x0000000000000e32       0xd3 contiki-micaz.a(nullrdc.o)
 .debug_pubtypes
                0x0000000000000f05       0x25 contiki-micaz.a(mac.o)
 .debug_pubtypes
                0x0000000000000f2a       0xe5 contiki-micaz.a(framer-802154.o)
 .debug_pubtypes
                0x000000000000100f       0x7d contiki-micaz.a(process.o)
 .debug_pubtypes
                0x000000000000108c       0x55 contiki-micaz.a(autostart.o)
 .debug_pubtypes
                0x00000000000010e1       0x7b contiki-micaz.a(etimer.o)
 .debug_pubtypes
                0x000000000000115c       0x91 contiki-micaz.a(ctimer.o)
 .debug_pubtypes
                0x00000000000011ed       0x46 contiki-micaz.a(rtimer.o)
 .debug_pubtypes
                0x0000000000001233       0x12 contiki-micaz.a(random.o)
 .debug_pubtypes
                0x0000000000001245       0xae contiki-micaz.a(queuebuf.o)
 .debug_pubtypes
                0x00000000000012f3       0x29 contiki-micaz.a(rs232.o)
 .debug_pubtypes
                0x000000000000131c       0x1e contiki-micaz.a(leds-arch.o)
 .debug_pubtypes
                0x000000000000133a      0x165 contiki-micaz.a(cc2420.o)
 .debug_pubtypes
                0x000000000000149f       0x75 contiki-micaz.a(cc2420-arch.o)
 .debug_pubtypes
                0x0000000000001514       0x3e contiki-micaz.a(rtimer-arch.o)
 .debug_pubtypes
                0x0000000000001552       0xb2 contiki-micaz.a(frame802154.o)
 .debug_pubtypes
                0x0000000000001604       0x1b contiki-micaz.a(memb.o)
 .debug_pubtypes
                0x000000000000161f       0x2d contiki-micaz.a(timer.o)
 .debug_pubtypes
                0x000000000000164c       0x1e contiki-micaz.a(spi.o)

.debug_ranges   0x0000000000000000      0xb08
 .debug_ranges  0x0000000000000000       0x18 sink.co
 .debug_ranges  0x0000000000000018       0x70 obj_micaz/util.o
 .debug_ranges  0x0000000000000088       0x90 obj_micaz/semantik.o
 .debug_ranges  0x0000000000000118       0x30 contiki-micaz.a(broadcast.o)
 .debug_ranges  0x0000000000000148       0x30 contiki-micaz.a(unicast.o)
 .debug_ranges  0x0000000000000178       0x30 contiki-micaz.a(abc.o)
 .debug_ranges  0x00000000000001a8       0x30 contiki-micaz.a(channel.o)
 .debug_ranges  0x00000000000001d8       0x68 contiki-micaz.a(list.o)
 .debug_ranges  0x0000000000000240       0xb0 contiki-micaz.a(packetbuf.o)
 .debug_ranges  0x00000000000002f0       0x18 contiki-micaz.a(contiki-micaz-m)
 .debug_ranges  0x0000000000000308       0x10 contiki-micaz.a(init-net.o)
 .debug_ranges  0x0000000000000318       0x18 contiki-micaz.a(node-id.o)
 .debug_ranges  0x0000000000000330       0x40 contiki-micaz.a(clock.o)
 .debug_ranges  0x0000000000000370       0xc8 contiki-micaz.a(ds2401.o)
 .debug_ranges  0x0000000000000438       0x18 contiki-micaz.a(eeprom.o)
 .debug_ranges  0x0000000000000450       0x48 contiki-micaz.a(leds.o)
 .debug_ranges  0x0000000000000498       0x20 contiki-micaz.a(rimeaddr.o)
 .debug_ranges  0x00000000000004b8       0x38 contiki-micaz.a(rime.o)
 .debug_ranges  0x00000000000004f0       0x60 contiki-micaz.a(announcement.o)
 .debug_ranges  0x0000000000000550       0x50 contiki-micaz.a(broadcast-annou)
 .debug_ranges  0x00000000000005a0       0x28 contiki-micaz.a(chameleon.o)
 .debug_ranges  0x00000000000005c8       0x88 contiki-micaz.a(chameleon-bitop)
 .debug_ranges  0x0000000000000650       0x38 contiki-micaz.a(nullmac.o)
 .debug_ranges  0x0000000000000688       0x40 contiki-micaz.a(nullrdc.o)
 .debug_ranges  0x00000000000006c8       0x10 contiki-micaz.a(mac.o)
 .debug_ranges  0x00000000000006d8       0x18 contiki-micaz.a(framer-802154.o)
 .debug_ranges  0x00000000000006f0       0x70 contiki-micaz.a(process.o)
 .debug_ranges  0x0000000000000760       0x18 contiki-micaz.a(autostart.o)
 .debug_ranges  0x0000000000000778       0x78 contiki-micaz.a(etimer.o)
 .debug_ranges  0x00000000000007f0       0x40 contiki-micaz.a(ctimer.o)
 .debug_ranges  0x0000000000000830       0x20 contiki-micaz.a(rtimer.o)
 .debug_ranges  0x0000000000000850       0x18 contiki-micaz.a(random.o)
 .debug_ranges  0x0000000000000868       0x58 contiki-micaz.a(queuebuf.o)
 .debug_ranges  0x00000000000008c0       0x50 contiki-micaz.a(rs232.o)
 .debug_ranges  0x0000000000000910       0x20 contiki-micaz.a(leds-arch.o)
 .debug_ranges  0x0000000000000930      0x110 contiki-micaz.a(cc2420.o)
 .debug_ranges  0x0000000000000a40       0x18 contiki-micaz.a(cc2420-arch.o)
 .debug_ranges  0x0000000000000a58       0x20 contiki-micaz.a(rtimer-arch.o)
 .debug_ranges  0x0000000000000a78       0x28 contiki-micaz.a(frame802154.o)
 .debug_ranges  0x0000000000000aa0       0x28 contiki-micaz.a(memb.o)
 .debug_ranges  0x0000000000000ac8       0x30 contiki-micaz.a(timer.o)
 .debug_ranges  0x0000000000000af8       0x10 contiki-micaz.a(spi.o)
