Archive member included because of file (symbol)

contiki-micaz.a(rimeaddr.o)   CH10.co (rimeaddr_set_node_addr)
contiki-micaz.a(broadcast.o)  CH10.co (broadcast_open)
contiki-micaz.a(unicast.o)    CH10.co (unicast_open)
contiki-micaz.a(abc.o)        contiki-micaz.a(broadcast.o) (abc_open)
contiki-micaz.a(channel.o)    contiki-micaz.a(abc.o) (channel_open)
contiki-micaz.a(list.o)       contiki-micaz.a(channel.o) (list_init)
contiki-micaz.a(etimer.o)     CH10.co (etimer_set)
contiki-micaz.a(packetbuf.o)  CH10.co (packetbuf_dataptr)
contiki-micaz.a(contiki-micaz-m)
                              /usr/lib/gcc/avr/4.5.3/../../../avr/lib/avr51/crtm128.o (main)
contiki-micaz.a(init-net.o)   contiki-micaz.a(contiki-micaz-m) (init_net)
contiki-micaz.a(node-id.o)    contiki-micaz.a(contiki-micaz-m) (node_id_restore)
contiki-micaz.a(clock.o)      contiki-micaz.a(contiki-micaz-m) (clock_init)
contiki-micaz.a(ds2401.o)     contiki-micaz.a(contiki-micaz-m) (ds2401_init)
contiki-micaz.a(eeprom.o)     contiki-micaz.a(node-id.o) (eeprom_write)
contiki-micaz.a(leds.o)       contiki-micaz.a(contiki-micaz-m) (leds_init)
contiki-micaz.a(rime.o)       contiki-micaz.a(abc.o) (rime_output)
contiki-micaz.a(rimestats.o)  contiki-micaz.a(rime.o) (rimestats)
contiki-micaz.a(announcement.o)
                              contiki-micaz.a(rime.o) (announcement_init)
contiki-micaz.a(broadcast-annou)
                              contiki-micaz.a(rime.o) (broadcast_announcement_init)
contiki-micaz.a(chameleon.o)  contiki-micaz.a(rime.o) (chameleon_init)
contiki-micaz.a(chameleon-bitop)
                              contiki-micaz.a(chameleon.o) (chameleon_bitopt)
contiki-micaz.a(nullmac.o)    contiki-micaz.a(init-net.o) (nullmac_driver)
contiki-micaz.a(nullrdc.o)    contiki-micaz.a(init-net.o) (nullrdc_driver)
contiki-micaz.a(mac.o)        contiki-micaz.a(nullrdc.o) (mac_call_sent_callback)
contiki-micaz.a(framer-802154.o)
                              contiki-micaz.a(nullrdc.o) (framer_802154)
contiki-micaz.a(process.o)    contiki-micaz.a(etimer.o) (process_current)
contiki-micaz.a(autostart.o)  contiki-micaz.a(contiki-micaz-m) (autostart_start)
contiki-micaz.a(timer.o)      contiki-micaz.a(etimer.o) (timer_set)
contiki-micaz.a(ctimer.o)     contiki-micaz.a(contiki-micaz-m) (ctimer_init)
contiki-micaz.a(rtimer.o)     contiki-micaz.a(contiki-micaz-m) (rtimer_init)
contiki-micaz.a(random.o)     contiki-micaz.a(contiki-micaz-m) (random_init)
contiki-micaz.a(queuebuf.o)   contiki-micaz.a(rime.o) (queuebuf_init)
contiki-micaz.a(rs232.o)      contiki-micaz.a(contiki-micaz-m) (rs232_init)
contiki-micaz.a(leds-arch.o)  contiki-micaz.a(leds.o) (leds_arch_init)
contiki-micaz.a(cc2420.o)     contiki-micaz.a(init-net.o) (cc2420_set_channel)
contiki-micaz.a(cc2420-arch.o)
                              contiki-micaz.a(cc2420.o) (cc2420_arch_init)
contiki-micaz.a(rtimer-arch.o)
                              contiki-micaz.a(rtimer.o) (rtimer_arch_init)
contiki-micaz.a(frame802154.o)
                              contiki-micaz.a(framer-802154.o) (frame802154_hdrlen)
contiki-micaz.a(memb.o)       contiki-micaz.a(queuebuf.o) (memb_init)
contiki-micaz.a(spi.o)        contiki-micaz.a(cc2420-arch.o) (spi_init)
/usr/lib/gcc/avr/4.5.3/avr51/libgcc.a(_udivmodhi4.o)
                              contiki-micaz.a(init-net.o) (__udivmodhi4)
/usr/lib/gcc/avr/4.5.3/avr51/libgcc.a(_exit.o)
                              /usr/lib/gcc/avr/4.5.3/../../../avr/lib/avr51/crtm128.o (exit)
/usr/lib/gcc/avr/4.5.3/avr51/libgcc.a(_copy_data.o)
                              CH10.co (__do_copy_data)
/usr/lib/gcc/avr/4.5.3/avr51/libgcc.a(_clear_bss.o)
                              CH10.co (__do_clear_bss)
/usr/lib/gcc/avr/4.5.3/avr51/libgcc.a(_addsub_sf.o)
                              CH10.co (__addsf3)
/usr/lib/gcc/avr/4.5.3/avr51/libgcc.a(_mul_sf.o)
                              CH10.co (__mulsf3)
/usr/lib/gcc/avr/4.5.3/avr51/libgcc.a(_si_to_sf.o)
                              CH10.co (__floatsisf)
/usr/lib/gcc/avr/4.5.3/avr51/libgcc.a(_sf_to_si.o)
                              CH10.co (__fixsfsi)
/usr/lib/gcc/avr/4.5.3/avr51/libgcc.a(_thenan_sf.o)
                              /usr/lib/gcc/avr/4.5.3/avr51/libgcc.a(_addsub_sf.o) (__thenan_sf)
/usr/lib/gcc/avr/4.5.3/avr51/libgcc.a(_usi_to_sf.o)
                              CH10.co (__floatunsisf)
/usr/lib/gcc/avr/4.5.3/avr51/libgcc.a(_prologue.o)
                              /usr/lib/gcc/avr/4.5.3/avr51/libgcc.a(_addsub_sf.o) (__prologue_saves__)
/usr/lib/gcc/avr/4.5.3/avr51/libgcc.a(_epilogue.o)
                              /usr/lib/gcc/avr/4.5.3/avr51/libgcc.a(_addsub_sf.o) (__epilogue_restores__)
/usr/lib/gcc/avr/4.5.3/avr51/libgcc.a(_clzsi2.o)
                              /usr/lib/gcc/avr/4.5.3/avr51/libgcc.a(_si_to_sf.o) (__clzsi2)
/usr/lib/gcc/avr/4.5.3/avr51/libgcc.a(_pack_sf.o)
                              /usr/lib/gcc/avr/4.5.3/avr51/libgcc.a(_addsub_sf.o) (__pack_f)
/usr/lib/gcc/avr/4.5.3/avr51/libgcc.a(_unpack_sf.o)
[...]
Memory Configuration

Name             Origin             Length             Attributes
text             0x0000000000000000 0x0000000000020000 xr
data             0x0000000000800100 0x000000000000ff00 rw !x
eeprom           0x0000000000810000 0x0000000000010000 rw !x
fuse             0x0000000000820000 0x0000000000000400 rw !x
lock             0x0000000000830000 0x0000000000000400 rw !x
signature        0x0000000000840000 0x0000000000000400 rw !x
*default*        0x0000000000000000 0xffffffffffffffff

Linker script and memory map

Address of section .data set to 0x800100
LOAD /usr/lib/gcc/avr/4.5.3/../../../avr/lib/avr51/crtm128.o
Address of section .bootloader set to 0x1f800
LOAD CH10.co
LOAD obj_micaz/Pacotes.o
LOAD symbols.o
LOAD contiki-micaz.a
LOAD /usr/lib/gcc/avr/4.5.3/avr51/libgcc.a
LOAD /usr/lib/gcc/avr/4.5.3/../../../avr/lib/avr51/libc.a
LOAD /usr/lib/gcc/avr/4.5.3/avr51/libgcc.a

.hash
 *(.hash)

.dynsym
 *(.dynsym)

.dynstr
 *(.dynstr)

.gnu.version
 *(.gnu.version)

.gnu.version_d
 *(.gnu.version_d)

.gnu.version_r
 *(.gnu.version_r)

.rel.init
 *(.rel.init)

.rela.init
 *(.rela.init)

.rel.text
 *(.rel.text)
 *(.rel.text.*)
 *(.rel.gnu.linkonce.t*)

.rela.text
 *(.rela.text)
 *(.rela.text.*)
 *(.rela.gnu.linkonce.t*)

.rel.fini
 *(.rel.fini)

.rela.fini
 *(.rela.fini)

.rel.rodata
 *(.rel.rodata)
 *(.rel.rodata.*)
 *(.rel.gnu.linkonce.r*)

.rela.rodata
 *(.rela.rodata)
 *(.rela.rodata.*)
 *(.rela.gnu.linkonce.r*)

.rel.data
 *(.rel.data)
 *(.rel.data.*)
 *(.rel.gnu.linkonce.d*)

.rela.data
 *(.rela.data)
 *(.rela.data.*)
 *(.rela.gnu.linkonce.d*)

.rel.ctors
 *(.rel.ctors)

.rela.ctors
 *(.rela.ctors)

.rel.dtors
 *(.rel.dtors)

.rela.dtors
 *(.rela.dtors)

.rel.got
 *(.rel.got)

.rela.got
 *(.rela.got)

.rel.bss
 *(.rel.bss)

.rela.bss
 *(.rela.bss)

.rel.plt
 *(.rel.plt)

.rela.plt
 *(.rela.plt)

.text           0x0000000000000000     0x496c
 *(.vectors)
 .vectors       0x0000000000000000       0x8c /usr/lib/gcc/avr/4.5.3/../../../avr/lib/avr51/crtm128.o
                0x0000000000000000                __vectors
                0x0000000000000000                __vector_default
 *(.vectors)
 *(.progmem.gcc*)
 *(.progmem*)
 .progmem.data  0x000000000000008c       0x21 contiki-micaz.a(contiki-micaz-m)
 .progmem.data  0x00000000000000ad       0x83 contiki-micaz.a(init-net.o)
                0x0000000000000130                . = ALIGN (0x2)
                0x0000000000000130                __trampolines_start = .
 *(.trampolines)
 .trampolines   0x0000000000000130        0x0 linker stubs
 *(.trampolines*)
                0x0000000000000130                __trampolines_end = .
 *(.jumptables)
 *(.jumptables*)
 *(.lowtext)
 *(.lowtext*)
                0x0000000000000130                __ctors_start = .
 *(.ctors)
                0x0000000000000130                __ctors_end = .
                0x0000000000000130                __dtors_start = .
 *(.dtors)
                0x0000000000000130                __dtors_end = .
 SORT(*)(.ctors)
 SORT(*)(.dtors)
 *(.init0)
 .init0         0x0000000000000130        0x0 /usr/lib/gcc/avr/4.5.3/../../../avr/lib/avr51/crtm128.o
                0x0000000000000130                __init
 *(.init0)
 *(.init1)
 *(.init1)
 *(.init2)
 .init2         0x0000000000000130        0xc /usr/lib/gcc/avr/4.5.3/../../../avr/lib/avr51/crtm128.o
 *(.init2)
 *(.init3)
 *(.init3)
 *(.init4)
 .init4         0x000000000000013c       0x1a /usr/lib/gcc/avr/4.5.3/avr51/libgcc.a(_copy_data.o)
                0x000000000000013c                __do_copy_data
 .init4         0x0000000000000156       0x10 /usr/lib/gcc/avr/4.5.3/avr51/libgcc.a(_clear_bss.o)
                0x0000000000000156                __do_clear_bss
 *(.init4)
 *(.init5)
 *(.init5)
 *(.init6)
 *(.init6)
 *(.init7)
 *(.init7)
 *(.init8)
 *(.init8)
 *(.init9)
 .init9         0x0000000000000166        0x8 /usr/lib/gcc/avr/4.5.3/../../../avr/lib/avr51/crtm128.o
 *(.init9)
 *(.text)
 .text          0x000000000000016e        0x4 /usr/lib/gcc/avr/4.5.3/../../../avr/lib/avr51/crtm128.o
                0x000000000000016e                __vector_22
                0x000000000000016e                __vector_28
                0x000000000000016e                __vector_1
                0x000000000000016e                __vector_32
                0x000000000000016e                __vector_34
                0x000000000000016e                __vector_24
                0x000000000000016e                __vector_12
                0x000000000000016e                __bad_interrupt
                0x000000000000016e                __vector_6
                0x000000000000016e                __vector_31
                0x000000000000016e                __vector_3
                0x000000000000016e                __vector_23
                0x000000000000016e                __vector_25
                0x000000000000016e                __vector_11
                0x000000000000016e                __vector_13
                0x000000000000016e                __vector_17
                0x000000000000016e                __vector_19
                0x000000000000016e                __vector_27
                0x000000000000016e                __vector_5
                0x000000000000016e                __vector_33
                0x000000000000016e                __vector_4
                0x000000000000016e                __vector_9
                0x000000000000016e                __vector_2
                0x000000000000016e                __vector_21
                0x000000000000016e                __vector_29
                0x000000000000016e                __vector_8
                0x000000000000016e                __vector_14
                0x000000000000016e                __vector_10
                0x000000000000016e                __vector_16
                0x000000000000016e                __vector_20
 .text          0x0000000000000172      0x350 /usr/lib/gcc/avr/4.5.3/avr51/libgcc.a(_addsub_sf.o)
                0x0000000000000406                __addsf3
                0x0000000000000460                __subsf3
 .text          0x00000000000004c2      0x1f4 /usr/lib/gcc/avr/4.5.3/avr51/libgcc.a(_mul_sf.o)
                0x00000000000004c2                __mulsf3
 .text          0x00000000000006b6       0xf0 /usr/lib/gcc/avr/4.5.3/avr51/libgcc.a(_usi_to_sf.o)
                0x00000000000006b6                __floatunsisf
 .text          0x00000000000007a6       0xb4 /usr/lib/gcc/avr/4.5.3/avr51/libgcc.a(_clzsi2.o)
                0x00000000000007a6                __clzsi2
 .text          0x000000000000085a      0x19c /usr/lib/gcc/avr/4.5.3/avr51/libgcc.a(_pack_sf.o)
                0x000000000000085a                __pack_f
 .text          0x00000000000009f6       0xd2 /usr/lib/gcc/avr/4.5.3/avr51/libgcc.a(_unpack_sf.o)
                0x00000000000009f6                __unpack_f
                0x0000000000000ac8                . = ALIGN (0x2)
 *(.text.*)
 .text.recv_uc  0x0000000000000ac8      0x13e CH10.co
 .text.broadcast_recv
                0x0000000000000c06       0x8c CH10.co
 .text.calcula_vetor_delta
                0x0000000000000c92       0x74 CH10.co
                0x0000000000000c92                calcula_vetor_delta
 .text.calcula_D
                0x0000000000000d06      0x12e CH10.co
                0x0000000000000d06                calcula_D
 .text.process_thread_ch_process
                0x0000000000000e34       0xb4 CH10.co
 .text.rimeaddr_copy
                0x0000000000000ee8       0x12 contiki-micaz.a(rimeaddr.o)
                0x0000000000000ee8                rimeaddr_copy
 .text.rimeaddr_cmp
                0x0000000000000efa       0x24 contiki-micaz.a(rimeaddr.o)
                0x0000000000000efa                rimeaddr_cmp
 .text.rimeaddr_set_node_addr
                0x0000000000000f1e       0x10 contiki-micaz.a(rimeaddr.o)
                0x0000000000000f1e                rimeaddr_set_node_addr
 .text.sent_by_abc
                0x0000000000000f2e       0x18 contiki-micaz.a(broadcast.o)
 .text.recv_from_abc
                0x0000000000000f46       0x4e contiki-micaz.a(broadcast.o)
 .text.broadcast_open
                0x0000000000000f94       0x36 contiki-micaz.a(broadcast.o)
                0x0000000000000f94                broadcast_open
 .text.broadcast_close
                0x0000000000000fca        0x6 contiki-micaz.a(broadcast.o)
                0x0000000000000fca                broadcast_close
 .text.broadcast_send
                0x0000000000000fd0       0x1e contiki-micaz.a(broadcast.o)
                0x0000000000000fd0                broadcast_send
 .text.sent_by_broadcast
                0x0000000000000fee       0x18 contiki-micaz.a(unicast.o)
 .text.recv_from_broadcast
                0x0000000000001006       0x3c contiki-micaz.a(unicast.o)
 .text.unicast_open
                0x0000000000001042       0x36 contiki-micaz.a(unicast.o)
                0x0000000000001042                unicast_open
 .text.unicast_close
                0x0000000000001078        0x6 contiki-micaz.a(unicast.o)
                0x0000000000001078                unicast_close
 .text.unicast_send
                0x000000000000107e       0x1a contiki-micaz.a(unicast.o)
                0x000000000000107e                unicast_send
 .text.abc_open
                0x0000000000001098       0x32 contiki-micaz.a(abc.o)
                0x0000000000001098                abc_open
 .text.abc_close
                0x00000000000010ca        0x6 contiki-micaz.a(abc.o)
                0x00000000000010ca                abc_close
 .text.abc_send
                0x00000000000010d0        0x6 contiki-micaz.a(abc.o)
                0x00000000000010d0                abc_send
 .text.abc_input
                0x00000000000010d6       0x10 contiki-micaz.a(abc.o)
                0x00000000000010d6                abc_input
 .text.abc_sent
                0x00000000000010e6       0x18 contiki-micaz.a(abc.o)
                0x00000000000010e6                abc_sent
 .text.channel_init
                0x00000000000010fe        0xa contiki-micaz.a(channel.o)
                0x00000000000010fe                channel_init
 .text.channel_open
                0x0000000000001108       0x12 contiki-micaz.a(channel.o)
                0x0000000000001108                channel_open
 .text.channel_close
                0x000000000000111a        0xc contiki-micaz.a(channel.o)
                0x000000000000111a                channel_close
 .text.channel_lookup
                0x0000000000001126       0x30 contiki-micaz.a(channel.o)
                0x0000000000001126                channel_lookup
 .text.channel_set_attributes
                0x0000000000001156       0x2a contiki-micaz.a(channel.o)
                0x0000000000001156                channel_set_attributes
 .text.list_init
                0x0000000000001180        0x8 contiki-micaz.a(list.o)
                0x0000000000001180                list_init
 .text.list_head
                0x0000000000001188        0x8 contiki-micaz.a(list.o)
                0x0000000000001188                list_head
 .text.list_tail
                0x0000000000001190       0x24 contiki-micaz.a(list.o)
                0x0000000000001190                list_tail
 .text.list_remove
                0x00000000000011b4       0x4a contiki-micaz.a(list.o)
                0x00000000000011b4                list_remove
 .text.list_add
                0x00000000000011fe       0x3e contiki-micaz.a(list.o)
                0x00000000000011fe                list_add
 .text.list_item_next
                0x000000000000123c       0x14 contiki-micaz.a(list.o)
                0x000000000000123c                list_item_next
 .text.update_time
                0x0000000000001250       0x64 contiki-micaz.a(etimer.o)
 .text.etimer_request_poll
                0x00000000000012b4        0xa contiki-micaz.a(etimer.o)
                0x00000000000012b4                etimer_request_poll
 .text.process_thread_etimer_process
                0x00000000000012be      0x11a contiki-micaz.a(etimer.o)
 .text.add_timer
                0x00000000000013d8       0x56 contiki-micaz.a(etimer.o)
 .text.etimer_set
                0x000000000000142e       0x16 contiki-micaz.a(etimer.o)
                0x000000000000142e                etimer_set
 .text.etimer_expired
                0x0000000000001444       0x16 contiki-micaz.a(etimer.o)
                0x0000000000001444                etimer_expired
 .text.etimer_pending
                0x000000000000145a       0x18 contiki-micaz.a(etimer.o)
                0x000000000000145a                etimer_pending
 .text.packetbuf_hdrreduce
                0x0000000000001472       0x3e contiki-micaz.a(packetbuf.o)
                0x0000000000001472                packetbuf_hdrreduce
 .text.packetbuf_set_datalen
                0x00000000000014b0        0xa contiki-micaz.a(packetbuf.o)
                0x00000000000014b0                packetbuf_set_datalen
 .text.packetbuf_dataptr
                0x00000000000014ba       0x10 contiki-micaz.a(packetbuf.o)
                0x00000000000014ba                packetbuf_dataptr
 .text.packetbuf_hdrptr
                0x00000000000014ca        0xe contiki-micaz.a(packetbuf.o)
                0x00000000000014ca                packetbuf_hdrptr
 .text.packetbuf_is_reference
                0x00000000000014d8       0x1c contiki-micaz.a(packetbuf.o)
                0x00000000000014d8                packetbuf_is_reference
 .text.packetbuf_compact
                0x00000000000014f4       0x60 contiki-micaz.a(packetbuf.o)
                0x00000000000014f4                packetbuf_compact
 .text.packetbuf_datalen
                0x0000000000001554        0xa contiki-micaz.a(packetbuf.o)
                0x0000000000001554                packetbuf_datalen
 .text.packetbuf_totlen
                0x000000000000155e       0x18 contiki-micaz.a(packetbuf.o)
                0x000000000000155e                packetbuf_totlen
 .text.packetbuf_hdralloc
                0x0000000000001576       0x3e contiki-micaz.a(packetbuf.o)
                0x0000000000001576                packetbuf_hdralloc
 .text.packetbuf_attr_clear
                0x00000000000015b4       0x38 contiki-micaz.a(packetbuf.o)
                0x00000000000015b4                packetbuf_attr_clear
 .text.packetbuf_clear
                0x00000000000015ec       0x28 contiki-micaz.a(packetbuf.o)
                0x00000000000015ec                packetbuf_clear
 .text.packetbuf_copyfrom
                0x0000000000001614       0x66 contiki-micaz.a(packetbuf.o)
                0x0000000000001614                packetbuf_copyfrom
 .text.packetbuf_attr_copyfrom
                0x000000000000167a       0x2a contiki-micaz.a(packetbuf.o)
                0x000000000000167a                packetbuf_attr_copyfrom
 .text.init_usart
                0x00000000000016a4       0x12 contiki-micaz.a(contiki-micaz-m)
                0x00000000000016a4                init_usart
 .text.main     0x00000000000016b6       0x92 contiki-micaz.a(contiki-micaz-m)
                0x00000000000016b6                main
 .text.init_net
                0x0000000000001748      0x20e contiki-micaz.a(init-net.o)
                0x0000000000001748                init_net
 .text.node_id_restore
                0x0000000000001956       0x58 contiki-micaz.a(node-id.o)
                0x0000000000001956                node_id_restore
 .text.__vector_15
                0x00000000000019ae       0xb8 contiki-micaz.a(clock.o)
                0x00000000000019ae                __vector_15
 .text.clock_init
                0x0000000000001a66       0x38 contiki-micaz.a(clock.o)
                0x0000000000001a66                clock_init
 .text.clock_time
                0x0000000000001a9e       0x1a contiki-micaz.a(clock.o)
                0x0000000000001a9e                clock_time
 .text.clock_delay
                0x0000000000001ab8       0x16 contiki-micaz.a(clock.o)
                0x0000000000001ab8                clock_delay
 .text.read_byte
                0x0000000000001ace       0x42 contiki-micaz.a(ds2401.o)
 .text.crc8_add
                0x0000000000001b10       0x28 contiki-micaz.a(ds2401.o)
 .text.ds2401_init
                0x0000000000001b38      0x126 contiki-micaz.a(ds2401.o)
                0x0000000000001b38                ds2401_init
 .text.eeprom_read
                0x0000000000001c5e       0x10 contiki-micaz.a(eeprom.o)
                0x0000000000001c5e                eeprom_read
 .text.show_leds.clone.0
                0x0000000000001c6e       0x10 contiki-micaz.a(leds.o)
 .text.leds_init
                0x0000000000001c7e        0xe contiki-micaz.a(leds.o)
                0x0000000000001c7e                leds_init
 .text.leds_on  0x0000000000001c8c       0x10 contiki-micaz.a(leds.o)
                0x0000000000001c8c                leds_on
 .text.leds_off
                0x0000000000001c9c       0x12 contiki-micaz.a(leds.o)
                0x0000000000001c9c                leds_off
 .text.input    0x0000000000001cae       0x72 contiki-micaz.a(rime.o)
 .text.init     0x0000000000001d20       0x26 contiki-micaz.a(rime.o)
 .text.packet_sent
                0x0000000000001d46       0x5e contiki-micaz.a(rime.o)
 .text.rime_output
                0x0000000000001da4       0x5c contiki-micaz.a(rime.o)
                0x0000000000001da4                rime_output
 .text.announcement_init
                0x0000000000001e00        0xa contiki-micaz.a(announcement.o)
                0x0000000000001e00                announcement_init
 .text.announcement_register_observer_callback
                0x0000000000001e0a        0xa contiki-micaz.a(announcement.o)
                0x0000000000001e0a                announcement_register_observer_callback
 .text.announcement_list
                0x0000000000001e14        0xa contiki-micaz.a(announcement.o)
                0x0000000000001e14                announcement_list
 .text.announcement_heard
                0x0000000000001e1e       0x5e contiki-micaz.a(announcement.o)
                0x0000000000001e1e                announcement_heard
 .text.adv_packet_sent
                0x0000000000001e7c        0x2 contiki-micaz.a(broadcast-annou)
 .text.adv_packet_received
                0x0000000000001e7e       0x84 contiki-micaz.a(broadcast-annou)
 .text.set_timers
                0x0000000000001f02       0x46 contiki-micaz.a(broadcast-annou)
 .text.new_announcement
                0x0000000000001f48       0x1e contiki-micaz.a(broadcast-annou)
 .text.send_timer
                0x0000000000001f66       0x2a contiki-micaz.a(broadcast-annou)
 .text.send_adv
                0x0000000000001f90       0xa8 contiki-micaz.a(broadcast-annou)
 .text.broadcast_announcement_init
                0x0000000000002038       0x50 contiki-micaz.a(broadcast-annou)
                0x0000000000002038                broadcast_announcement_init
 .text.chameleon_init
                0x0000000000002088        0x6 contiki-micaz.a(chameleon.o)
                0x0000000000002088                chameleon_init
 .text.chameleon_parse
                0x000000000000208e       0x20 contiki-micaz.a(chameleon.o)
                0x000000000000208e                chameleon_parse
 .text.chameleon_create
                0x00000000000020ae       0x30 contiki-micaz.a(chameleon.o)
                0x00000000000020ae                chameleon_create
 .text.chameleon_hdrsize
                0x00000000000020de        0xc contiki-micaz.a(chameleon.o)
                0x00000000000020de                chameleon_hdrsize
 .text.header_size
                0x00000000000020ea       0x1a contiki-micaz.a(chameleon-bitop)
 .text.get_bits_in_byte
                0x0000000000002104       0x3e contiki-micaz.a(chameleon-bitop)
                0x0000000000002104                get_bits_in_byte
 .text.get_bits
                0x0000000000002142       0xda contiki-micaz.a(chameleon-bitop)
                0x0000000000002142                get_bits
 .text.unpack_header
                0x000000000000221c      0x154 contiki-micaz.a(chameleon-bitop)
 .text.set_bits_in_byte
                0x0000000000002370       0x28 contiki-micaz.a(chameleon-bitop)
                0x0000000000002370                set_bits_in_byte
 .text.set_bits
                0x0000000000002398      0x100 contiki-micaz.a(chameleon-bitop)
                0x0000000000002398                set_bits
 .text.pack_header
                0x0000000000002498      0x124 contiki-micaz.a(chameleon-bitop)
 .text.send_packet
                0x00000000000025bc        0xc contiki-micaz.a(nullmac.o)
 .text.packet_input
                0x00000000000025c8        0xc contiki-micaz.a(nullmac.o)
 .text.on       0x00000000000025d4        0xc contiki-micaz.a(nullmac.o)
 .text.off      0x00000000000025e0        0xc contiki-micaz.a(nullmac.o)
 .text.channel_check_interval
                0x00000000000025ec        0x6 contiki-micaz.a(nullmac.o)
 .text.init     0x00000000000025f2        0x2 contiki-micaz.a(nullmac.o)
 .text.on       0x00000000000025f4        0xc contiki-micaz.a(nullrdc.o)
 .text.off      0x0000000000002600       0x1c contiki-micaz.a(nullrdc.o)
 .text.channel_check_interval
                0x000000000000261c        0x6 contiki-micaz.a(nullrdc.o)
 .text.init     0x0000000000002622        0x6 contiki-micaz.a(nullrdc.o)
 .text.packet_input
                0x0000000000002628       0x3a contiki-micaz.a(nullrdc.o)
 .text.send_packet
                0x0000000000002662       0x92 contiki-micaz.a(nullrdc.o)
 .text.send_list
                0x00000000000026f4       0x2e contiki-micaz.a(nullrdc.o)
 .text.mac_call_sent_callback
                0x0000000000002722       0x10 contiki-micaz.a(mac.o)
                0x0000000000002722                mac_call_sent_callback
 .text.parse    0x0000000000002732       0xde contiki-micaz.a(framer-802154.o)
 .text.create   0x0000000000002810      0x138 contiki-micaz.a(framer-802154.o)
 .text.call_process
                0x0000000000002948       0x52 contiki-micaz.a(process.o)
 .text.exit_process
                0x000000000000299a       0xd8 contiki-micaz.a(process.o)
 .text.do_poll  0x0000000000002a72       0x3e contiki-micaz.a(process.o)
 .text.process_init
                0x0000000000002ab0       0x24 contiki-micaz.a(process.o)
                0x0000000000002ab0                process_init
 .text.process_run
                0x0000000000002ad4       0xd2 contiki-micaz.a(process.o)
                0x0000000000002ad4                process_run
 .text.process_post
                0x0000000000002ba6       0x56 contiki-micaz.a(process.o)
                0x0000000000002ba6                process_post
 .text.process_post_synch
                0x0000000000002bfc       0x1e contiki-micaz.a(process.o)
                0x0000000000002bfc                process_post_synch
 .text.process_start
                0x0000000000002c1a       0x46 contiki-micaz.a(process.o)
                0x0000000000002c1a                process_start
 .text.process_poll
                0x0000000000002c60       0x18 contiki-micaz.a(process.o)
                0x0000000000002c60                process_poll
 .text.autostart_start
                0x0000000000002c78       0x2e contiki-micaz.a(autostart.o)
                0x0000000000002c78                autostart_start
 .text.timer_set
                0x0000000000002ca6       0x18 contiki-micaz.a(timer.o)
                0x0000000000002ca6                timer_set
 .text.timer_expired
                0x0000000000002cbe       0x2e contiki-micaz.a(timer.o)
                0x0000000000002cbe                timer_expired
 .text.process_thread_ctimer_process
                0x0000000000002cec       0xe6 contiki-micaz.a(ctimer.o)
 .text.ctimer_init
                0x0000000000002dd2       0x1a contiki-micaz.a(ctimer.o)
                0x0000000000002dd2                ctimer_init
 .text.ctimer_set
                0x0000000000002dec       0x66 contiki-micaz.a(ctimer.o)
                0x0000000000002dec                ctimer_set
 .text.rtimer_init
                0x0000000000002e52        0x6 contiki-micaz.a(rtimer.o)
                0x0000000000002e52                rtimer_init
 .text.rtimer_run_next
                0x0000000000002e58       0x3e contiki-micaz.a(rtimer.o)
                0x0000000000002e58                rtimer_run_next
 .text.random_init
                0x0000000000002e96        0x6 contiki-micaz.a(random.o)
                0x0000000000002e96                random_init
 .text.random_rand
                0x0000000000002e9c        0x6 contiki-micaz.a(random.o)
                0x0000000000002e9c                random_rand
 .text.queuebuf_init
                0x0000000000002ea2       0x1a contiki-micaz.a(queuebuf.o)
                0x0000000000002ea2                queuebuf_init
 .text.queuebuf_to_packetbuf
                0x0000000000002ebc       0x7c contiki-micaz.a(queuebuf.o)
                0x0000000000002ebc                queuebuf_to_packetbuf
 .text.__vector_18
                0x0000000000002f38       0x5c contiki-micaz.a(rs232.o)
                0x0000000000002f38                __vector_18
 .text.__vector_30
                0x0000000000002f94       0x5e contiki-micaz.a(rs232.o)
                0x0000000000002f94                __vector_30
 .text.rs232_init
                0x0000000000002ff2       0x3c contiki-micaz.a(rs232.o)
                0x0000000000002ff2                rs232_init
 .text.rs232_send
                0x000000000000302e       0x1e contiki-micaz.a(rs232.o)
                0x000000000000302e                rs232_send
 .text.rs232_stdout_putchar
                0x000000000000304c       0x2a contiki-micaz.a(rs232.o)
                0x000000000000304c                rs232_stdout_putchar
 .text.rs232_redirect_stdout
                0x0000000000003076       0x12 contiki-micaz.a(rs232.o)
                0x0000000000003076                rs232_redirect_stdout
 .text.leds_arch_init
                0x0000000000003088        0xe contiki-micaz.a(leds-arch.o)
                0x0000000000003088                leds_arch_init
 .text.leds_arch_set
                0x0000000000003096       0x28 contiki-micaz.a(leds-arch.o)
                0x0000000000003096                leds_arch_set
 .text.strobe   0x00000000000030be        0xc contiki-micaz.a(cc2420.o)
 .text.status   0x00000000000030ca       0x10 contiki-micaz.a(cc2420.o)
 .text.on       0x00000000000030da       0x42 contiki-micaz.a(cc2420.o)
 .text.getreg   0x000000000000311c       0x2c contiki-micaz.a(cc2420.o)
 .text.setreg   0x0000000000003148       0x1e contiki-micaz.a(cc2420.o)
 .text.set_txpower
                0x0000000000003166       0x28 contiki-micaz.a(cc2420.o)
 .text.cc2420_receiving_packet
                0x000000000000318e       0x10 contiki-micaz.a(cc2420.o)
 .text.pending_packet
                0x000000000000319e       0x10 contiki-micaz.a(cc2420.o)
 .text.flushrx  0x00000000000031ae       0x38 contiki-micaz.a(cc2420.o)
 .text.off      0x00000000000031e6       0x48 contiki-micaz.a(cc2420.o)
 .text.RELEASE_LOCK
                0x000000000000322e       0x34 contiki-micaz.a(cc2420.o)
 .text.cc2420_prepare
                0x0000000000003262       0x96 contiki-micaz.a(cc2420.o)
 .text.cc2420_on
                0x00000000000032f8       0x2c contiki-micaz.a(cc2420.o)
                0x00000000000032f8                cc2420_on
 .text.cc2420_off
                0x0000000000003324       0x3e contiki-micaz.a(cc2420.o)
                0x0000000000003324                cc2420_off
 .text.cc2420_cca
                0x0000000000003362       0x9c contiki-micaz.a(cc2420.o)
 .text.getrxdata
                0x00000000000033fe       0x38 contiki-micaz.a(cc2420.o)
 .text.cc2420_read
                0x0000000000003436      0x1c4 contiki-micaz.a(cc2420.o)
 .text.process_thread_cc2420_process
                0x00000000000035fa       0x66 contiki-micaz.a(cc2420.o)
 .text.cc2420_set_channel
                0x0000000000003660       0xa0 contiki-micaz.a(cc2420.o)
                0x0000000000003660                cc2420_set_channel
 .text.cc2420_set_pan_addr
                0x0000000000003700      0x114 contiki-micaz.a(cc2420.o)
                0x0000000000003700                cc2420_set_pan_addr
 .text.cc2420_init
                0x0000000000003814       0xc8 contiki-micaz.a(cc2420.o)
                0x0000000000003814                cc2420_init
 .text.cc2420_interrupt
                0x00000000000038dc       0x3e contiki-micaz.a(cc2420.o)
                0x00000000000038dc                cc2420_interrupt
 .text.cc2420_get_txpower
                0x000000000000391a       0x30 contiki-micaz.a(cc2420.o)
                0x000000000000391a                cc2420_get_txpower
 .text.cc2420_transmit
                0x000000000000394a      0x186 contiki-micaz.a(cc2420.o)
 .text.cc2420_send
                0x0000000000003ad0       0x16 contiki-micaz.a(cc2420.o)
 .text.cc2420_arch_init
                0x0000000000003ae6       0x1e contiki-micaz.a(cc2420-arch.o)
                0x0000000000003ae6                cc2420_arch_init
 .text.__vector_7
                0x0000000000003b04       0x50 contiki-micaz.a(cc2420-arch.o)
                0x0000000000003b04                __vector_7
 .text.__vector_26
                0x0000000000003b54       0x5a contiki-micaz.a(rtimer-arch.o)
                0x0000000000003b54                __vector_26
 .text.rtimer_arch_init
                0x0000000000003bae       0x38 contiki-micaz.a(rtimer-arch.o)
                0x0000000000003bae                rtimer_arch_init
 .text.rtimer_arch_schedule
                0x0000000000003be6       0x24 contiki-micaz.a(rtimer-arch.o)
                0x0000000000003be6                rtimer_arch_schedule
 .text.field_len
                0x0000000000003c0a       0xb2 contiki-micaz.a(frame802154.o)
 .text.frame802154_hdrlen
                0x0000000000003cbc       0x3c contiki-micaz.a(frame802154.o)
                0x0000000000003cbc                frame802154_hdrlen
 .text.frame802154_create
                0x0000000000003cf8      0x1d6 contiki-micaz.a(frame802154.o)
                0x0000000000003cf8                frame802154_create
 .text.frame802154_parse
                0x0000000000003ece      0x18e contiki-micaz.a(frame802154.o)
                0x0000000000003ece                frame802154_parse
 .text.memb_init
                0x000000000000405c       0x40 contiki-micaz.a(memb.o)
                0x000000000000405c                memb_init
 .text.memb_inmemb
                0x000000000000409c       0x3a contiki-micaz.a(memb.o)
                0x000000000000409c                memb_inmemb
 .text.spi_init
                0x00000000000040d6       0x16 contiki-micaz.a(spi.o)
                0x00000000000040d6                spi_init
 .text.libgcc   0x00000000000040ec       0x28 /usr/lib/gcc/avr/4.5.3/avr51/libgcc.a(_udivmodhi4.o)
                0x00000000000040ec                __udivmodhi4
 .text.libgcc   0x0000000000004114       0x38 /usr/lib/gcc/avr/4.5.3/avr51/libgcc.a(_prologue.o)
                0x0000000000004114                __prologue_saves__
 .text.libgcc   0x000000000000414c       0x36 /usr/lib/gcc/avr/4.5.3/avr51/libgcc.a(_epilogue.o)
                0x000000000000414c                __epilogue_restores__
 .text.avr-libc
                0x0000000000004182       0xbc /usr/lib/gcc/avr/4.5.3/../../../avr/lib/avr51/libc.a(rand.o)
                0x0000000000004218                rand_r
                0x000000000000421e                rand
                0x0000000000004228                srand
 .text.avr-libc
                0x000000000000423e       0x12 /usr/lib/gcc/avr/4.5.3/../../../avr/lib/avr51/libc.a(memcpy.o)
                0x000000000000423e                memcpy
 .text.avr-libc
                0x0000000000004250        0xe /usr/lib/gcc/avr/4.5.3/../../../avr/lib/avr51/libc.a(memset.o)
                0x0000000000004250                memset
 .text.avr-libc
                0x000000000000425e       0x24 /usr/lib/gcc/avr/4.5.3/../../../avr/lib/avr51/libc.a(printf.o)
                0x000000000000425e                printf
 .text.avr-libc
                0x0000000000004282       0x40 /usr/lib/gcc/avr/4.5.3/../../../avr/lib/avr51/libc.a(printf_p.o)
                0x0000000000004282                printf_P
 .text.avr-libc
                0x00000000000042c2       0x6e /usr/lib/gcc/avr/4.5.3/../../../avr/lib/avr51/libc.a(puts.o)
                0x00000000000042c2                puts
 .text.avr-libc
                0x0000000000004330      0x420 /usr/lib/gcc/avr/4.5.3/../../../avr/lib/avr51/libc.a(vfprintf_std.o)
                0x0000000000004330                vfprintf
 .text.avr-libc
                0x0000000000004750       0x20 /usr/lib/gcc/avr/4.5.3/../../../avr/lib/avr51/libc.a(eerd_block_atmega128.o)
                0x0000000000004750                __eerd_block_m128
                0x0000000000004754                __eerd_blraw_m128
 .text.avr-libc
                0x0000000000004770       0x16 /usr/lib/gcc/avr/4.5.3/../../../avr/lib/avr51/libc.a(strnlen_P.o)
                0x0000000000004770                strnlen_P
 .text.avr-libc
                0x0000000000004786       0x16 /usr/lib/gcc/avr/4.5.3/../../../avr/lib/avr51/libc.a(strnlen.o)
                0x0000000000004786                strnlen
 .text.avr-libc
                0x000000000000479c       0x58 /usr/lib/gcc/avr/4.5.3/../../../avr/lib/avr51/libc.a(fputc.o)
                0x000000000000479c                fputc
 .text.avr-libc
                0x00000000000047f4       0xbc /usr/lib/gcc/avr/4.5.3/../../../avr/lib/avr51/libc.a(ultoa_invert.o)
                0x00000000000047f4                __ultoa_invert
 .text.libgcc   0x00000000000048b0       0x3e /usr/lib/gcc/avr/4.5.3/avr51/libgcc.a(_mulsi3.o)
                0x00000000000048b0                __mulsi3
 .text.libgcc   0x00000000000048ee       0x36 /usr/lib/gcc/avr/4.5.3/avr51/libgcc.a(_divmodsi4.o)
                0x00000000000048ee                __divmodsi4
 .text.libgcc   0x0000000000004924       0x44 /usr/lib/gcc/avr/4.5.3/avr51/libgcc.a(_udivmodsi4.o)
                0x0000000000004924                __udivmodsi4
                0x0000000000004968                . = ALIGN (0x2)
 *(.fini9)
 .fini9         0x0000000000004968        0x0 /usr/lib/gcc/avr/4.5.3/avr51/libgcc.a(_exit.o)
                0x0000000000004968                exit
                0x0000000000004968                _exit
 *(.fini9)
 *(.fini8)
 *(.fini8)
 *(.fini7)
 *(.fini7)
 *(.fini6)
 *(.fini6)
 *(.fini5)
 *(.fini5)
 *(.fini4)
 *(.fini4)
 *(.fini3)
 *(.fini3)
 *(.fini2)
 *(.fini2)
 *(.fini1)
 *(.fini1)
 *(.fini0)
 .fini0         0x0000000000004968        0x4 /usr/lib/gcc/avr/4.5.3/avr51/libgcc.a(_exit.o)
 *(.fini0)
                0x000000000000496c                _etext = .

.data           0x0000000000800100      0x224 load address 0x000000000000496c
                0x0000000000800100                PROVIDE (__data_start, .)
 *(.data)
 .data          0x0000000000800100       0x5d CH10.co
                0x0000000000800133                ch_process
                0x000000000080013b                autostart_processes
                0x000000000080013f                len
 .data          0x000000000080015d        0x2 contiki-micaz.a(rimeaddr.o)
                0x000000000080015d                rimeaddr_null
 .data          0x000000000080015f        0x8 contiki-micaz.a(broadcast.o)
 .data          0x0000000000800167        0xa contiki-micaz.a(unicast.o)
 .data          0x0000000000800171        0x2 contiki-micaz.a(abc.o)
 .data          0x0000000000800173        0x8 contiki-micaz.a(etimer.o)
                0x0000000000800173                etimer_process
 .data          0x000000000080017b        0xb contiki-micaz.a(rime.o)
                0x0000000000800180                rime_driver
 .data          0x0000000000800186        0x4 contiki-micaz.a(broadcast-annou)
 .data          0x000000000080018a        0xf contiki-micaz.a(chameleon-bitop)
                0x000000000080018a                chameleon_bitopt
 .data          0x0000000000800199       0x16 contiki-micaz.a(nullmac.o)
                0x00000000008001a1                nullmac_driver
 .data          0x00000000008001af       0x18 contiki-micaz.a(nullrdc.o)
                0x00000000008001b7                nullrdc_driver
 .data          0x00000000008001c7        0x4 contiki-micaz.a(framer-802154.o)
                0x00000000008001c7                framer_802154
 .data          0x00000000008001cb        0x8 contiki-micaz.a(ctimer.o)
                0x00000000008001cb                ctimer_process
 .data          0x00000000008001d3       0x18 contiki-micaz.a(queuebuf.o)
 .data          0x00000000008001eb        0xe contiki-micaz.a(rs232.o)
 .data          0x00000000008001f9       0x1c contiki-micaz.a(cc2420.o)
                0x00000000008001f9                cc2420_process
                0x0000000000800201                cc2420_driver
 .data          0x0000000000800215        0x2 contiki-micaz.a(frame802154.o)
 .data          0x0000000000800217        0x8 /usr/lib/gcc/avr/4.5.3/avr51/libgcc.a(_thenan_sf.o)
                0x0000000000800217                __thenan_sf
 .data          0x000000000080021f      0x100 /usr/lib/gcc/avr/4.5.3/avr51/libgcc.a(_clz.o)
                0x000000000080021f                __clz_tab
 .data          0x000000000080031f        0x4 /usr/lib/gcc/avr/4.5.3/../../../avr/lib/avr51/libc.a(rand.o)
 *(.data*)
 *(.rodata)
 *(.rodata*)
 *(.gnu.linkonce.d*)
                0x0000000000800324                . = ALIGN (0x2)
 *fill*         0x0000000000800323        0x1 00
                0x0000000000800324                _edata = .
                0x0000000000800324                PROVIDE (__data_end, .)

.bss            0x0000000000800324      0x5c2
                0x0000000000800324                PROVIDE (__bss_start, .)
 *(.bss)
 .bss           0x0000000000800324       0x67 CH10.co
 .bss           0x000000000080038b        0x2 contiki-micaz.a(channel.o)
 .bss           0x000000000080038d        0x4 contiki-micaz.a(etimer.o)
 .bss           0x0000000000800391       0xb9 contiki-micaz.a(packetbuf.o)
 .bss           0x000000000080044a        0x2 contiki-micaz.a(node-id.o)
                0x000000000080044a                node_id
 .bss           0x000000000080044c        0x8 contiki-micaz.a(clock.o)
 .bss           0x0000000000800454        0x2 contiki-micaz.a(leds.o)
 .bss           0x0000000000800456        0x2 contiki-micaz.a(rime.o)
 .bss           0x0000000000800458        0x6 contiki-micaz.a(announcement.o)
 .bss           0x000000000080045e       0x35 contiki-micaz.a(broadcast-annou)
 .bss           0x0000000000800493        0x2 contiki-micaz.a(framer-802154.o)
 .bss           0x0000000000800495       0x38 contiki-micaz.a(process.o)
                0x0000000000800495                process_list
                0x0000000000800497                process_current
 .bss           0x00000000008004cd        0x3 contiki-micaz.a(ctimer.o)
 .bss           0x00000000008004d0        0x2 contiki-micaz.a(rtimer.o)
 .bss           0x00000000008004d2      0x364 contiki-micaz.a(queuebuf.o)
 .bss           0x0000000000800836        0x1 contiki-micaz.a(rs232.o)
 .bss           0x0000000000800837        0x9 contiki-micaz.a(cc2420.o)
 *(.bss*)
 *(COMMON)
 COMMON         0x0000000000800840        0x2 contiki-micaz.a(rimeaddr.o)
                0x0000000000800840                rimeaddr_node_addr
 COMMON         0x0000000000800842       0x38 contiki-micaz.a(packetbuf.o)
                0x0000000000800842                packetbuf_addrs
                0x000000000080084a                packetbuf_attrs
 COMMON         0x000000000080087a        0x8 contiki-micaz.a(ds2401.o)
                0x000000000080087a                ds2401_id
 COMMON         0x0000000000800882       0x48 contiki-micaz.a(rimestats.o)
                0x0000000000800882                rimestats
 COMMON         0x00000000008008ca        0x1 contiki-micaz.a(process.o)
                0x00000000008008ca                process_maxevents
 COMMON         0x00000000008008cb        0x4 contiki-micaz.a(rs232.o)
                0x00000000008008cb                input_handler_1
                0x00000000008008cd                input_handler_0
 COMMON         0x00000000008008cf       0x11 contiki-micaz.a(cc2420.o)
                0x00000000008008cf                cc2420_last_rssi
                0x00000000008008d0                cc2420_packets_read
                0x00000000008008d2                cc2420_packets_seen
                0x00000000008008d4                cc2420_sfd_start_time
                0x00000000008008d6                cc2420_time_of_departure
                0x00000000008008d8                cc2420_time_of_arrival
                0x00000000008008da                cc2420_last_correlation
                0x00000000008008db                cc2420_authority_level_of_sender
                0x00000000008008dd                cc2420_sfd_counter
                0x00000000008008de                cc2420_sfd_end_time
 COMMON         0x00000000008008e0        0x6 /usr/lib/gcc/avr/4.5.3/../../../avr/lib/avr51/libc.a(iob.o)
                0x00000000008008e0                __iob
                0x00000000008008e6                PROVIDE (__bss_end, .)
                0x000000000000496c                __data_load_start = LOADADDR (.data)
                0x0000000000004b90                __data_load_end = (__data_load_start + SIZEOF (.data))

.noinit         0x00000000008008e6        0x0
                0x00000000008008e6                PROVIDE (__noinit_start, .)
 *(.noinit*)
                0x00000000008008e6                PROVIDE (__noinit_end, .)
                0x00000000008008e6                _end = .
                0x00000000008008e6                PROVIDE (__heap_start, .)

.eeprom         0x0000000000810000        0x0
 *(.eeprom*)
                0x0000000000810000                __eeprom_end = .

.fuse
 *(.fuse)
 *(.lfuse)
 *(.hfuse)
 *(.efuse)

.lock
 *(.lock*)

.signature
 *(.signature*)

.stab           0x0000000000000000     0x2970
 *(.stab)
 .stab          0x0000000000000000      0x6cc /usr/lib/gcc/avr/4.5.3/../../../avr/lib/avr51/crtm128.o
 .stab          0x00000000000006cc      0x360 /usr/lib/gcc/avr/4.5.3/../../../avr/lib/avr51/libc.a(malloc.o)
                                        0x75c (size before relaxing)
 .stab          0x0000000000000a2c      0x2d0 /usr/lib/gcc/avr/4.5.3/../../../avr/lib/avr51/libc.a(rand.o)
                                        0x330 (size before relaxing)
 .stab          0x0000000000000cfc       0x84 /usr/lib/gcc/avr/4.5.3/../../../avr/lib/avr51/libc.a(memcpy.o)
                                         0x90 (size before relaxing)
 .stab          0x0000000000000d80       0x6c /usr/lib/gcc/avr/4.5.3/../../../avr/lib/avr51/libc.a(memset.o)
                                         0x78 (size before relaxing)
 .stab          0x0000000000000dec      0x180 /usr/lib/gcc/avr/4.5.3/../../../avr/lib/avr51/libc.a(iob.o)
                                        0x30c (size before relaxing)
 .stab          0x0000000000000f6c      0x18c /usr/lib/gcc/avr/4.5.3/../../../avr/lib/avr51/libc.a(printf.o)
                                        0x36c (size before relaxing)
 .stab          0x00000000000010f8      0x1a4 /usr/lib/gcc/avr/4.5.3/../../../avr/lib/avr51/libc.a(printf_p.o)
                                        0x384 (size before relaxing)
 .stab          0x000000000000129c      0x1f8 /usr/lib/gcc/avr/4.5.3/../../../avr/lib/avr51/libc.a(puts.o)
                                        0x3d8 (size before relaxing)
 .stab          0x0000000000001494      0xac8 /usr/lib/gcc/avr/4.5.3/../../../avr/lib/avr51/libc.a(vfprintf_std.o)
                                        0xcd8 (size before relaxing)
 .stab          0x0000000000001f5c      0x108 /usr/lib/gcc/avr/4.5.3/../../../avr/lib/avr51/libc.a(eerd_block_atmega128.o)
                                        0x114 (size before relaxing)
 .stab          0x0000000000002064       0x9c /usr/lib/gcc/avr/4.5.3/../../../avr/lib/avr51/libc.a(eewr_block_atmega128.o)
                                         0xa8 (size before relaxing)
 .stab          0x0000000000002100       0xd8 /usr/lib/gcc/avr/4.5.3/../../../avr/lib/avr51/libc.a(eewr_byte_atmega128.o)
                                         0xe4 (size before relaxing)
 .stab          0x00000000000021d8       0x9c /usr/lib/gcc/avr/4.5.3/../../../avr/lib/avr51/libc.a(strnlen_P.o)
                                         0xa8 (size before relaxing)
 .stab          0x0000000000002274       0x9c /usr/lib/gcc/avr/4.5.3/../../../avr/lib/avr51/libc.a(strnlen.o)
                                         0xa8 (size before relaxing)
 .stab          0x0000000000002310      0x1e0 /usr/lib/gcc/avr/4.5.3/../../../avr/lib/avr51/libc.a(fputc.o)
                                        0x3c0 (size before relaxing)
 .stab          0x00000000000024f0      0x480 /usr/lib/gcc/avr/4.5.3/../../../avr/lib/avr51/libc.a(ultoa_invert.o)
                                        0x48c (size before relaxing)

.stabstr        0x0000000000000000     0x103a
 *(.stabstr)
 .stabstr       0x0000000000000000     0x103a /usr/lib/gcc/avr/4.5.3/../../../avr/lib/avr51/crtm128.o

.stab.excl
 *(.stab.excl)

.stab.exclstr
 *(.stab.exclstr)

.stab.index
 *(.stab.index)

.stab.indexstr
 *(.stab.indexstr)

.comment
 *(.comment)

.debug
 *(.debug)

.line
 *(.line)

.debug_srcinfo
 *(.debug_srcinfo)

.debug_sfnames
 *(.debug_sfnames)

.debug_aranges  0x0000000000000000      0xbf8
 *(.debug_aranges)
 .debug_aranges
                0x0000000000000000       0x48 CH10.co
 .debug_aranges
                0x0000000000000048       0x58 obj_micaz/Pacotes.o
 .debug_aranges
                0x00000000000000a0       0x30 contiki-micaz.a(rimeaddr.o)
 .debug_aranges
                0x00000000000000d0       0x40 contiki-micaz.a(broadcast.o)
 .debug_aranges
                0x0000000000000110       0x40 contiki-micaz.a(unicast.o)
 .debug_aranges
                0x0000000000000150       0x40 contiki-micaz.a(abc.o)
 .debug_aranges
                0x0000000000000190       0x40 contiki-micaz.a(channel.o)
 .debug_aranges
                0x00000000000001d0       0x78 contiki-micaz.a(list.o)
 .debug_aranges
                0x0000000000000248       0x88 contiki-micaz.a(etimer.o)
 .debug_aranges
                0x00000000000002d0       0xc0 contiki-micaz.a(packetbuf.o)
 .debug_aranges
                0x0000000000000390       0x28 contiki-micaz.a(contiki-micaz-m)
 .debug_aranges
                0x00000000000003b8       0x20 contiki-micaz.a(init-net.o)
 .debug_aranges
                0x00000000000003d8       0x28 contiki-micaz.a(node-id.o)
 .debug_aranges
                0x0000000000000400       0x50 contiki-micaz.a(clock.o)
 .debug_aranges
                0x0000000000000450       0x30 contiki-micaz.a(ds2401.o)
 .debug_aranges
                0x0000000000000480       0x28 contiki-micaz.a(eeprom.o)
 .debug_aranges
                0x00000000000004a8       0x58 contiki-micaz.a(leds.o)
 .debug_aranges
                0x0000000000000500       0x48 contiki-micaz.a(rime.o)
 .debug_aranges
                0x0000000000000548       0x70 contiki-micaz.a(announcement.o)
 .debug_aranges
                0x00000000000005b8       0x60 contiki-micaz.a(broadcast-annou)
 .debug_aranges
                0x0000000000000618       0x38 contiki-micaz.a(chameleon.o)
 .debug_aranges
                0x0000000000000650       0x50 contiki-micaz.a(chameleon-bitop)
 .debug_aranges
                0x00000000000006a0       0x48 contiki-micaz.a(nullmac.o)
 .debug_aranges
                0x00000000000006e8       0x50 contiki-micaz.a(nullrdc.o)
 .debug_aranges
                0x0000000000000738       0x20 contiki-micaz.a(mac.o)
 .debug_aranges
                0x0000000000000758       0x28 contiki-micaz.a(framer-802154.o)
 .debug_aranges
                0x0000000000000780       0x80 contiki-micaz.a(process.o)
 .debug_aranges
                0x0000000000000800       0x28 contiki-micaz.a(autostart.o)
 .debug_aranges
                0x0000000000000828       0x40 contiki-micaz.a(timer.o)
 .debug_aranges
                0x0000000000000868       0x50 contiki-micaz.a(ctimer.o)
 .debug_aranges
                0x00000000000008b8       0x30 contiki-micaz.a(rtimer.o)
 .debug_aranges
                0x00000000000008e8       0x28 contiki-micaz.a(random.o)
 .debug_aranges
                0x0000000000000910       0x68 contiki-micaz.a(queuebuf.o)
 .debug_aranges
                0x0000000000000978       0x60 contiki-micaz.a(rs232.o)
 .debug_aranges
                0x00000000000009d8       0x30 contiki-micaz.a(leds-arch.o)
 .debug_aranges
                0x0000000000000a08      0x108 contiki-micaz.a(cc2420.o)
 .debug_aranges
                0x0000000000000b10       0x28 contiki-micaz.a(cc2420-arch.o)
 .debug_aranges
                0x0000000000000b38       0x30 contiki-micaz.a(rtimer-arch.o)
 .debug_aranges
                0x0000000000000b68       0x38 contiki-micaz.a(frame802154.o)
 .debug_aranges
                0x0000000000000ba0       0x38 contiki-micaz.a(memb.o)
 .debug_aranges
                0x0000000000000bd8       0x20 contiki-micaz.a(spi.o)

.debug_pubnames
                0x0000000000000000     0x1512
 *(.debug_pubnames)
 .debug_pubnames
                0x0000000000000000       0x76 CH10.co
 .debug_pubnames
                0x0000000000000076       0xa4 obj_micaz/Pacotes.o
 .debug_pubnames
                0x000000000000011a       0x30 symbols.o
 .debug_pubnames
                0x000000000000014a       0x79 contiki-micaz.a(rimeaddr.o)
 .debug_pubnames
                0x00000000000001c3       0x4c contiki-micaz.a(broadcast.o)
 .debug_pubnames
                0x000000000000020f       0x46 contiki-micaz.a(unicast.o)
 .debug_pubnames
                0x0000000000000255       0x55 contiki-micaz.a(abc.o)
 .debug_pubnames
                0x00000000000002aa       0x74 contiki-micaz.a(channel.o)
 .debug_pubnames
                0x000000000000031e       0xc3 contiki-micaz.a(list.o)
 .debug_pubnames
                0x00000000000003e1      0x109 contiki-micaz.a(etimer.o)
 .debug_pubnames
                0x00000000000004ea      0x22c contiki-micaz.a(packetbuf.o)
 .debug_pubnames
                0x0000000000000716       0x2a contiki-micaz.a(contiki-micaz-m)
 .debug_pubnames
                0x0000000000000740       0x1f contiki-micaz.a(init-net.o)
 .debug_pubnames
                0x000000000000075f       0x43 contiki-micaz.a(node-id.o)
 .debug_pubnames
                0x00000000000007a2       0x87 contiki-micaz.a(clock.o)
 .debug_pubnames
                0x0000000000000829       0x30 contiki-micaz.a(ds2401.o)
 .debug_pubnames
                0x0000000000000859       0x33 contiki-micaz.a(eeprom.o)
 .debug_pubnames
                0x000000000000088c       0x75 contiki-micaz.a(leds.o)
 .debug_pubnames
                0x0000000000000901       0x5f contiki-micaz.a(rime.o)
 .debug_pubnames
                0x0000000000000960       0x20 contiki-micaz.a(rimestats.o)
 .debug_pubnames
                0x0000000000000980      0x144 contiki-micaz.a(announcement.o)
 .debug_pubnames
                0x0000000000000ac4       0x7d contiki-micaz.a(broadcast-annou)
 .debug_pubnames
                0x0000000000000b41       0x64 contiki-micaz.a(chameleon.o)
 .debug_pubnames
                0x0000000000000ba5       0x6b contiki-micaz.a(chameleon-bitop)
 .debug_pubnames
                0x0000000000000c10       0x25 contiki-micaz.a(nullmac.o)
 .debug_pubnames
                0x0000000000000c35       0x25 contiki-micaz.a(nullrdc.o)
 .debug_pubnames
                0x0000000000000c5a       0x2d contiki-micaz.a(mac.o)
 .debug_pubnames
                0x0000000000000c87       0x24 contiki-micaz.a(framer-802154.o)
 .debug_pubnames
                0x0000000000000cab      0x10d contiki-micaz.a(process.o)
 .debug_pubnames
                0x0000000000000db8       0x39 contiki-micaz.a(autostart.o)
 .debug_pubnames
                0x0000000000000df1       0x68 contiki-micaz.a(timer.o)
 .debug_pubnames
                0x0000000000000e59       0x8b contiki-micaz.a(ctimer.o)
 .debug_pubnames
                0x0000000000000ee4       0x45 contiki-micaz.a(rtimer.o)
 .debug_pubnames
                0x0000000000000f29       0x32 contiki-micaz.a(random.o)
 .debug_pubnames
                0x0000000000000f5b       0xff contiki-micaz.a(queuebuf.o)
 .debug_pubnames
                0x000000000000105a       0xe4 contiki-micaz.a(rs232.o)
 .debug_pubnames
                0x000000000000113e       0x49 contiki-micaz.a(leds-arch.o)
 .debug_pubnames
                0x0000000000001187      0x236 contiki-micaz.a(cc2420.o)
 .debug_pubnames
                0x00000000000013bd       0x36 contiki-micaz.a(cc2420-arch.o)
 .debug_pubnames
                0x00000000000013f3       0x50 contiki-micaz.a(rtimer-arch.o)
 .debug_pubnames
                0x0000000000001443       0x56 contiki-micaz.a(frame802154.o)
 .debug_pubnames
                0x0000000000001499       0x4d contiki-micaz.a(memb.o)
 .debug_pubnames
                0x00000000000014e6       0x2c contiki-micaz.a(spi.o)

.debug_info     0x0000000000000000     0xaa58
 *(.debug_info)
 .debug_info    0x0000000000000000      0x8a6 CH10.co
 .debug_info    0x00000000000008a6      0x342 obj_micaz/Pacotes.o
 .debug_info    0x0000000000000be8       0xaf symbols.o
 .debug_info    0x0000000000000c97      0x1ed contiki-micaz.a(rimeaddr.o)
 .debug_info    0x0000000000000e84      0x589 contiki-micaz.a(broadcast.o)
 .debug_info    0x000000000000140d      0x630 contiki-micaz.a(unicast.o)
 .debug_info    0x0000000000001a3d      0x454 contiki-micaz.a(abc.o)
 .debug_info    0x0000000000001e91      0x2f2 contiki-micaz.a(channel.o)
 .debug_info    0x0000000000002183      0x349 contiki-micaz.a(list.o)
 .debug_info    0x00000000000024cc      0x4d2 contiki-micaz.a(etimer.o)
 .debug_info    0x000000000000299e      0x629 contiki-micaz.a(packetbuf.o)
 .debug_info    0x0000000000002fc7      0x2c2 contiki-micaz.a(contiki-micaz-m)
 .debug_info    0x0000000000003289      0x487 contiki-micaz.a(init-net.o)
 .debug_info    0x0000000000003710      0x149 contiki-micaz.a(node-id.o)
 .debug_info    0x0000000000003859      0x1f1 contiki-micaz.a(clock.o)
 .debug_info    0x0000000000003a4a      0x365 contiki-micaz.a(ds2401.o)
 .debug_info    0x0000000000003daf      0x11d contiki-micaz.a(eeprom.o)
 .debug_info    0x0000000000003ecc      0x1ca contiki-micaz.a(leds.o)
 .debug_info    0x0000000000004096      0x60f contiki-micaz.a(rime.o)
 .debug_info    0x00000000000046a5      0x142 contiki-micaz.a(rimestats.o)
 .debug_info    0x00000000000047e7      0x3ed contiki-micaz.a(announcement.o)
 .debug_info    0x0000000000004bd4      0x858 contiki-micaz.a(broadcast-annou)
 .debug_info    0x000000000000542c      0x424 contiki-micaz.a(chameleon.o)
 .debug_info    0x0000000000005850      0x7c7 contiki-micaz.a(chameleon-bitop)
 .debug_info    0x0000000000006017      0x44a contiki-micaz.a(nullmac.o)
 .debug_info    0x0000000000006461      0x756 contiki-micaz.a(nullrdc.o)
 .debug_info    0x0000000000006bb7      0x114 contiki-micaz.a(mac.o)
 .debug_info    0x0000000000006ccb      0x657 contiki-micaz.a(framer-802154.o)
 .debug_info    0x0000000000007322      0x574 contiki-micaz.a(process.o)
 .debug_info    0x0000000000007896      0x19f contiki-micaz.a(autostart.o)
 .debug_info    0x0000000000007a35      0x184 contiki-micaz.a(timer.o)
 .debug_info    0x0000000000007bb9      0x46c contiki-micaz.a(ctimer.o)
 .debug_info    0x0000000000008025      0x1be contiki-micaz.a(rtimer.o)
 .debug_info    0x00000000000081e3       0xa7 contiki-micaz.a(random.o)
 .debug_info    0x000000000000828a      0x6e6 contiki-micaz.a(queuebuf.o)
 .debug_info    0x0000000000008970      0x3b6 contiki-micaz.a(rs232.o)
 .debug_info    0x0000000000008d26       0xc1 contiki-micaz.a(leds-arch.o)
 .debug_info    0x0000000000008de7     0x131e contiki-micaz.a(cc2420.o)
 .debug_info    0x000000000000a105      0x16e contiki-micaz.a(cc2420-arch.o)
 .debug_info    0x000000000000a273       0xf9 contiki-micaz.a(rtimer-arch.o)
 .debug_info    0x000000000000a36c      0x4a8 contiki-micaz.a(frame802154.o)
 .debug_info    0x000000000000a814      0x1ad contiki-micaz.a(memb.o)
 .debug_info    0x000000000000a9c1       0x97 contiki-micaz.a(spi.o)
 *(.gnu.linkonce.wi.*)

.debug_abbrev   0x0000000000000000     0x3e50
 *(.debug_abbrev)
 .debug_abbrev  0x0000000000000000      0x232 CH10.co
 .debug_abbrev  0x0000000000000232      0x104 obj_micaz/Pacotes.o
 .debug_abbrev  0x0000000000000336       0x82 symbols.o
 .debug_abbrev  0x00000000000003b8      0x17d contiki-micaz.a(rimeaddr.o)
 .debug_abbrev  0x0000000000000535      0x1e7 contiki-micaz.a(broadcast.o)
 .debug_abbrev  0x000000000000071c      0x1f8 contiki-micaz.a(unicast.o)
 .debug_abbrev  0x0000000000000914      0x182 contiki-micaz.a(abc.o)
 .debug_abbrev  0x0000000000000a96      0x169 contiki-micaz.a(channel.o)
 .debug_abbrev  0x0000000000000bff      0x13a contiki-micaz.a(list.o)
 .debug_abbrev  0x0000000000000d39      0x20b contiki-micaz.a(etimer.o)
 .debug_abbrev  0x0000000000000f44      0x22b contiki-micaz.a(packetbuf.o)
 .debug_abbrev  0x000000000000116f      0x137 contiki-micaz.a(contiki-micaz-m)
 .debug_abbrev  0x00000000000012a6      0x1a2 contiki-micaz.a(init-net.o)
 .debug_abbrev  0x0000000000001448       0xcc contiki-micaz.a(node-id.o)
 .debug_abbrev  0x0000000000001514       0xe4 contiki-micaz.a(clock.o)
 .debug_abbrev  0x00000000000015f8      0x196 contiki-micaz.a(ds2401.o)
 .debug_abbrev  0x000000000000178e       0x8a contiki-micaz.a(eeprom.o)
 .debug_abbrev  0x0000000000001818       0xd4 contiki-micaz.a(leds.o)
 .debug_abbrev  0x00000000000018ec      0x1fb contiki-micaz.a(rime.o)
 .debug_abbrev  0x0000000000001ae7       0x5b contiki-micaz.a(rimestats.o)
 .debug_abbrev  0x0000000000001b42      0x16a contiki-micaz.a(announcement.o)
 .debug_abbrev  0x0000000000001cac      0x22e contiki-micaz.a(broadcast-annou)
 .debug_abbrev  0x0000000000001eda      0x1cc contiki-micaz.a(chameleon.o)
 .debug_abbrev  0x00000000000020a6      0x264 contiki-micaz.a(chameleon-bitop)
 .debug_abbrev  0x000000000000230a      0x1d4 contiki-micaz.a(nullmac.o)
 .debug_abbrev  0x00000000000024de      0x26c contiki-micaz.a(nullrdc.o)
 .debug_abbrev  0x000000000000274a       0xa0 contiki-micaz.a(mac.o)
 .debug_abbrev  0x00000000000027ea      0x227 contiki-micaz.a(framer-802154.o)
 .debug_abbrev  0x0000000000002a11      0x2df contiki-micaz.a(process.o)
 .debug_abbrev  0x0000000000002cf0       0xf5 contiki-micaz.a(autostart.o)
 .debug_abbrev  0x0000000000002de5       0xd2 contiki-micaz.a(timer.o)
 .debug_abbrev  0x0000000000002eb7      0x1b5 contiki-micaz.a(ctimer.o)
 .debug_abbrev  0x000000000000306c      0x12a contiki-micaz.a(rtimer.o)
 .debug_abbrev  0x0000000000003196       0x67 contiki-micaz.a(random.o)
 .debug_abbrev  0x00000000000031fd      0x1f3 contiki-micaz.a(queuebuf.o)
 .debug_abbrev  0x00000000000033f0      0x186 contiki-micaz.a(rs232.o)
 .debug_abbrev  0x0000000000003576       0x87 contiki-micaz.a(leds-arch.o)
 .debug_abbrev  0x00000000000035fd      0x412 contiki-micaz.a(cc2420.o)
 .debug_abbrev  0x0000000000003a0f       0xc8 contiki-micaz.a(cc2420-arch.o)
 .debug_abbrev  0x0000000000003ad7       0x96 contiki-micaz.a(rtimer-arch.o)
 .debug_abbrev  0x0000000000003b6d      0x19c contiki-micaz.a(frame802154.o)
 .debug_abbrev  0x0000000000003d09       0xea contiki-micaz.a(memb.o)
 .debug_abbrev  0x0000000000003df3       0x5d contiki-micaz.a(spi.o)

.debug_line     0x0000000000000000     0x73b3
 *(.debug_line)
 .debug_line    0x0000000000000000      0x44a CH10.co
 .debug_line    0x000000000000044a      0x21e obj_micaz/Pacotes.o
 .debug_line    0x0000000000000668       0x7b symbols.o
 .debug_line    0x00000000000006e3      0x127 contiki-micaz.a(rimeaddr.o)
 .debug_line    0x000000000000080a      0x209 contiki-micaz.a(broadcast.o)
 .debug_line    0x0000000000000a13      0x219 contiki-micaz.a(unicast.o)
 .debug_line    0x0000000000000c2c      0x1d5 contiki-micaz.a(abc.o)
 .debug_line    0x0000000000000e01      0x205 contiki-micaz.a(channel.o)
 .debug_line    0x0000000000001006      0x348 contiki-micaz.a(list.o)
 .debug_line    0x000000000000134e      0x48f contiki-micaz.a(etimer.o)
 .debug_line    0x00000000000017dd      0x4d3 contiki-micaz.a(packetbuf.o)
 .debug_line    0x0000000000001cb0      0x291 contiki-micaz.a(contiki-micaz-m)
 .debug_line    0x0000000000001f41      0x275 contiki-micaz.a(init-net.o)
 .debug_line    0x00000000000021b6      0x154 contiki-micaz.a(node-id.o)
 .debug_line    0x000000000000230a      0x286 contiki-micaz.a(clock.o)
 .debug_line    0x0000000000002590      0x304 contiki-micaz.a(ds2401.o)
 .debug_line    0x0000000000002894      0x125 contiki-micaz.a(eeprom.o)
 .debug_line    0x00000000000029b9      0x1b0 contiki-micaz.a(leds.o)
 .debug_line    0x0000000000002b69      0x2f1 contiki-micaz.a(rime.o)
 .debug_line    0x0000000000002e5a       0x81 contiki-micaz.a(rimestats.o)
 .debug_line    0x0000000000002edb      0x2ed contiki-micaz.a(announcement.o)
 .debug_line    0x00000000000031c8      0x3f3 contiki-micaz.a(broadcast-annou)
 .debug_line    0x00000000000035bb      0x1d3 contiki-micaz.a(chameleon.o)
 .debug_line    0x000000000000378e      0x4c1 contiki-micaz.a(chameleon-bitop)
 .debug_line    0x0000000000003c4f      0x1f6 contiki-micaz.a(nullmac.o)
 .debug_line    0x0000000000003e45      0x2fc contiki-micaz.a(nullrdc.o)
 .debug_line    0x0000000000004141       0x96 contiki-micaz.a(mac.o)
 .debug_line    0x00000000000041d7      0x32d contiki-micaz.a(framer-802154.o)
 .debug_line    0x0000000000004504      0x4e7 contiki-micaz.a(process.o)
 .debug_line    0x00000000000049eb      0x105 contiki-micaz.a(autostart.o)
 .debug_line    0x0000000000004af0      0x167 contiki-micaz.a(timer.o)
 .debug_line    0x0000000000004c57      0x39c contiki-micaz.a(ctimer.o)
 .debug_line    0x0000000000004ff3      0x124 contiki-micaz.a(rtimer.o)
 .debug_line    0x0000000000005117       0xae contiki-micaz.a(random.o)
 .debug_line    0x00000000000051c5      0x385 contiki-micaz.a(queuebuf.o)
 .debug_line    0x000000000000554a      0x2e9 contiki-micaz.a(rs232.o)
 .debug_line    0x0000000000005833      0x155 contiki-micaz.a(leds-arch.o)
 .debug_line    0x0000000000005988      0xfa7 contiki-micaz.a(cc2420.o)
 .debug_line    0x000000000000692f      0x1ac contiki-micaz.a(cc2420-arch.o)
 .debug_line    0x0000000000006adb      0x1b2 contiki-micaz.a(rtimer-arch.o)
 .debug_line    0x0000000000006c8d      0x4b8 contiki-micaz.a(frame802154.o)
 .debug_line    0x0000000000007145      0x194 contiki-micaz.a(memb.o)
 .debug_line    0x00000000000072d9       0xda contiki-micaz.a(spi.o)

.debug_frame    0x0000000000000000     0x12d0
 *(.debug_frame)
 .debug_frame   0x0000000000000000       0x70 CH10.co
 .debug_frame   0x0000000000000070       0x90 obj_micaz/Pacotes.o
 .debug_frame   0x0000000000000100       0x40 contiki-micaz.a(rimeaddr.o)
 .debug_frame   0x0000000000000140       0x60 contiki-micaz.a(broadcast.o)
 .debug_frame   0x00000000000001a0       0x60 contiki-micaz.a(unicast.o)
 .debug_frame   0x0000000000000200       0x60 contiki-micaz.a(abc.o)
 .debug_frame   0x0000000000000260       0x60 contiki-micaz.a(channel.o)
 .debug_frame   0x00000000000002c0       0xd0 contiki-micaz.a(list.o)
 .debug_frame   0x0000000000000390       0xf0 contiki-micaz.a(etimer.o)
 .debug_frame   0x0000000000000480      0x160 contiki-micaz.a(packetbuf.o)
 .debug_frame   0x00000000000005e0       0x30 contiki-micaz.a(contiki-micaz-m)
 .debug_frame   0x0000000000000610       0x20 contiki-micaz.a(init-net.o)
 .debug_frame   0x0000000000000630       0x30 contiki-micaz.a(node-id.o)
 .debug_frame   0x0000000000000660       0x80 contiki-micaz.a(clock.o)
 .debug_frame   0x00000000000006e0       0x40 contiki-micaz.a(ds2401.o)
 .debug_frame   0x0000000000000720       0x30 contiki-micaz.a(eeprom.o)
 .debug_frame   0x0000000000000750       0x90 contiki-micaz.a(leds.o)
 .debug_frame   0x00000000000007e0       0x70 contiki-micaz.a(rime.o)
 .debug_frame   0x0000000000000850       0xc0 contiki-micaz.a(announcement.o)
 .debug_frame   0x0000000000000910       0xa0 contiki-micaz.a(broadcast-annou)
 .debug_frame   0x00000000000009b0       0x50 contiki-micaz.a(chameleon.o)
 .debug_frame   0x0000000000000a00       0x80 contiki-micaz.a(chameleon-bitop)
 .debug_frame   0x0000000000000a80       0x70 contiki-micaz.a(nullmac.o)
 .debug_frame   0x0000000000000af0       0x80 contiki-micaz.a(nullrdc.o)
 .debug_frame   0x0000000000000b70       0x20 contiki-micaz.a(mac.o)
 .debug_frame   0x0000000000000b90       0x30 contiki-micaz.a(framer-802154.o)
 .debug_frame   0x0000000000000bc0       0xe0 contiki-micaz.a(process.o)
 .debug_frame   0x0000000000000ca0       0x30 contiki-micaz.a(autostart.o)
 .debug_frame   0x0000000000000cd0       0x60 contiki-micaz.a(timer.o)
 .debug_frame   0x0000000000000d30       0x80 contiki-micaz.a(ctimer.o)
 .debug_frame   0x0000000000000db0       0x40 contiki-micaz.a(rtimer.o)
 .debug_frame   0x0000000000000df0       0x30 contiki-micaz.a(random.o)
 .debug_frame   0x0000000000000e20       0xb0 contiki-micaz.a(queuebuf.o)
 .debug_frame   0x0000000000000ed0       0xa0 contiki-micaz.a(rs232.o)
 .debug_frame   0x0000000000000f70       0x40 contiki-micaz.a(leds-arch.o)
 .debug_frame   0x0000000000000fb0      0x1f0 contiki-micaz.a(cc2420.o)
 .debug_frame   0x00000000000011a0       0x30 contiki-micaz.a(cc2420-arch.o)
 .debug_frame   0x00000000000011d0       0x40 contiki-micaz.a(rtimer-arch.o)
 .debug_frame   0x0000000000001210       0x50 contiki-micaz.a(frame802154.o)
 .debug_frame   0x0000000000001260       0x50 contiki-micaz.a(memb.o)
 .debug_frame   0x00000000000012b0       0x20 contiki-micaz.a(spi.o)

.debug_str      0x0000000000000000     0x2b06
 *(.debug_str)
 .debug_str     0x0000000000000000      0x2f6 CH10.co
                                        0x3a9 (size before relaxing)
 .debug_str     0x00000000000002f6       0xd0 obj_micaz/Pacotes.o
                                        0x1b8 (size before relaxing)
 .debug_str     0x00000000000003c6       0x20 symbols.o
                                         0x6c (size before relaxing)
 .debug_str     0x00000000000003e6       0x94 contiki-micaz.a(rimeaddr.o)
                                        0x12d (size before relaxing)
 .debug_str     0x000000000000047a      0x366 contiki-micaz.a(broadcast.o)
                                        0x514 (size before relaxing)
 .debug_str     0x00000000000007e0       0x86 contiki-micaz.a(unicast.o)
                                        0x53e (size before relaxing)
 .debug_str     0x0000000000000866       0x5a contiki-micaz.a(abc.o)
                                        0x4a5 (size before relaxing)
 .debug_str     0x00000000000008c0       0xa3 contiki-micaz.a(channel.o)
                                        0x1de (size before relaxing)
 .debug_str     0x0000000000000963       0xb9 contiki-micaz.a(list.o)
                                         0xe0 (size before relaxing)
 .debug_str     0x0000000000000a1c      0x154 contiki-micaz.a(etimer.o)
                                        0x27d (size before relaxing)
 .debug_str     0x0000000000000b70      0x1f0 contiki-micaz.a(packetbuf.o)
                                        0x5f3 (size before relaxing)
 .debug_str     0x0000000000000d60       0x6b contiki-micaz.a(contiki-micaz-m)
                                        0x1c9 (size before relaxing)
 .debug_str     0x0000000000000dcb       0xf7 contiki-micaz.a(init-net.o)
                                        0x204 (size before relaxing)
 .debug_str     0x0000000000000ec2       0x73 contiki-micaz.a(node-id.o)
                                        0x119 (size before relaxing)
 .debug_str     0x0000000000000f35       0x92 contiki-micaz.a(clock.o)
                                        0x146 (size before relaxing)
 .debug_str     0x0000000000000fc7       0x83 contiki-micaz.a(ds2401.o)
                                        0x139 (size before relaxing)
 .debug_str     0x000000000000104a       0x3a contiki-micaz.a(eeprom.o)
                                         0xf9 (size before relaxing)
 .debug_str     0x0000000000001084       0x85 contiki-micaz.a(leds.o)
                                        0x117 (size before relaxing)
 .debug_str     0x0000000000001109      0x17b contiki-micaz.a(rime.o)
                                        0x353 (size before relaxing)
 .debug_str     0x0000000000001284       0x31 contiki-micaz.a(rimestats.o)
                                         0xe2 (size before relaxing)
 .debug_str     0x00000000000012b5      0x1b0 contiki-micaz.a(announcement.o)
                                        0x2b8 (size before relaxing)
 .debug_str     0x0000000000001465      0x19f contiki-micaz.a(broadcast-annou)
                                        0x40b (size before relaxing)
 .debug_str     0x0000000000001604       0xa8 contiki-micaz.a(chameleon.o)
                                        0x4bc (size before relaxing)
 .debug_str     0x00000000000016ac       0xd5 contiki-micaz.a(chameleon-bitop)
                                        0x553 (size before relaxing)
 .debug_str     0x0000000000001781       0x55 contiki-micaz.a(nullmac.o)
                                        0x1fc (size before relaxing)
 .debug_str     0x00000000000017d6       0xb6 contiki-micaz.a(nullrdc.o)
                                        0x607 (size before relaxing)
 .debug_str     0x000000000000188c       0x41 contiki-micaz.a(mac.o)
                                        0x142 (size before relaxing)
 .debug_str     0x00000000000018cd      0x1cd contiki-micaz.a(framer-802154.o)
                                        0x602 (size before relaxing)
 .debug_str     0x0000000000001a9a      0x170 contiki-micaz.a(process.o)
                                        0x270 (size before relaxing)
 .debug_str     0x0000000000001c0a       0x4b contiki-micaz.a(autostart.o)
                                        0x128 (size before relaxing)
 .debug_str     0x0000000000001c55       0x38 contiki-micaz.a(timer.o)
                                        0x117 (size before relaxing)
 .debug_str     0x0000000000001c8d       0xbe contiki-micaz.a(ctimer.o)
                                        0x211 (size before relaxing)
 .debug_str     0x0000000000001d4b       0xd8 contiki-micaz.a(rtimer.o)
                                        0x16f (size before relaxing)
 .debug_str     0x0000000000001e23       0x46 contiki-micaz.a(random.o)
                                         0xcc (size before relaxing)
 .debug_str     0x0000000000001e69      0x19b contiki-micaz.a(queuebuf.o)
                                        0x5c1 (size before relaxing)
 .debug_str     0x0000000000002004      0x11b contiki-micaz.a(rs232.o)
                                        0x1c4 (size before relaxing)
 .debug_str     0x000000000000211f       0x61 contiki-micaz.a(leds-arch.o)
                                         0xf4 (size before relaxing)
 .debug_str     0x0000000000002180      0x766 contiki-micaz.a(cc2420.o)
                                        0xdc6 (size before relaxing)
 .debug_str     0x00000000000028e6       0x54 contiki-micaz.a(cc2420-arch.o)
                                        0x14f (size before relaxing)
 .debug_str     0x000000000000293a       0x61 contiki-micaz.a(rtimer-arch.o)
                                        0x111 (size before relaxing)
 .debug_str     0x000000000000299b       0xdb contiki-micaz.a(frame802154.o)
                                        0x2eb (size before relaxing)
 .debug_str     0x0000000000002a76       0x57 contiki-micaz.a(memb.o)
                                         0xf2 (size before relaxing)
 .debug_str     0x0000000000002acd       0x39 contiki-micaz.a(spi.o)
                                         0xc7 (size before relaxing)

.debug_loc      0x0000000000000000     0x41e7
 *(.debug_loc)
 .debug_loc     0x0000000000000000      0x1f9 CH10.co
 .debug_loc     0x00000000000001f9       0xc0 obj_micaz/Pacotes.o
 .debug_loc     0x00000000000002b9      0x118 contiki-micaz.a(rimeaddr.o)
 .debug_loc     0x00000000000003d1      0x168 contiki-micaz.a(broadcast.o)
 .debug_loc     0x0000000000000539      0x1b0 contiki-micaz.a(unicast.o)
 .debug_loc     0x00000000000006e9      0x138 contiki-micaz.a(abc.o)
 .debug_loc     0x0000000000000821      0x12c contiki-micaz.a(channel.o)
 .debug_loc     0x000000000000094d      0x41c contiki-micaz.a(list.o)
 .debug_loc     0x0000000000000d69      0x42e contiki-micaz.a(etimer.o)
 .debug_loc     0x0000000000001197      0x217 contiki-micaz.a(packetbuf.o)
 .debug_loc     0x00000000000013ae       0x5c contiki-micaz.a(init-net.o)
 .debug_loc     0x000000000000140a       0x63 contiki-micaz.a(node-id.o)
 .debug_loc     0x000000000000146d       0x68 contiki-micaz.a(clock.o)
 .debug_loc     0x00000000000014d5      0x2bb contiki-micaz.a(ds2401.o)
 .debug_loc     0x0000000000001790       0xd0 contiki-micaz.a(eeprom.o)
 .debug_loc     0x0000000000001860       0xbe contiki-micaz.a(leds.o)
 .debug_loc     0x000000000000191e      0x168 contiki-micaz.a(rime.o)
 .debug_loc     0x0000000000001a86      0x224 contiki-micaz.a(announcement.o)
 .debug_loc     0x0000000000001caa      0x26b contiki-micaz.a(broadcast-annou)
 .debug_loc     0x0000000000001f15       0xd4 contiki-micaz.a(chameleon.o)
 .debug_loc     0x0000000000001fe9      0x688 contiki-micaz.a(chameleon-bitop)
 .debug_loc     0x0000000000002671       0x48 contiki-micaz.a(nullmac.o)
 .debug_loc     0x00000000000026b9      0x110 contiki-micaz.a(nullrdc.o)
 .debug_loc     0x00000000000027c9       0x90 contiki-micaz.a(mac.o)
 .debug_loc     0x0000000000002859       0xd1 contiki-micaz.a(framer-802154.o)
 .debug_loc     0x000000000000292a      0x38f contiki-micaz.a(process.o)
 .debug_loc     0x0000000000002cb9       0x58 contiki-micaz.a(autostart.o)
 .debug_loc     0x0000000000002d11      0x10c contiki-micaz.a(timer.o)
 .debug_loc     0x0000000000002e1d      0x311 contiki-micaz.a(ctimer.o)
 .debug_loc     0x000000000000312e       0xc7 contiki-micaz.a(rtimer.o)
 .debug_loc     0x00000000000031f5       0x18 contiki-micaz.a(random.o)
 .debug_loc     0x000000000000320d      0x230 contiki-micaz.a(queuebuf.o)
 .debug_loc     0x000000000000343d      0x123 contiki-micaz.a(rs232.o)
 .debug_loc     0x0000000000003560      0x7a0 contiki-micaz.a(cc2420.o)
 .debug_loc     0x0000000000003d00       0x24 contiki-micaz.a(rtimer-arch.o)
 .debug_loc     0x0000000000003d24      0x313 contiki-micaz.a(frame802154.o)
 .debug_loc     0x0000000000004037      0x1b0 contiki-micaz.a(memb.o)

.debug_macinfo
 *(.debug_macinfo)
OUTPUT(CH10.elf elf32-avr)
LOAD linker stubs

.bootloader     0x000000000001f800        0x0

.debug_pubtypes
                0x0000000000000000     0x161c
 .debug_pubtypes
                0x0000000000000000      0x1ac CH10.co
 .debug_pubtypes
                0x00000000000001ac       0x65 obj_micaz/Pacotes.o
 .debug_pubtypes
                0x0000000000000211       0x1e symbols.o
 .debug_pubtypes
                0x000000000000022f       0x2d contiki-micaz.a(rimeaddr.o)
 .debug_pubtypes
                0x000000000000025c       0xe2 contiki-micaz.a(broadcast.o)
 .debug_pubtypes
                0x000000000000033e      0x109 contiki-micaz.a(unicast.o)
 .debug_pubtypes
                0x0000000000000447       0xb7 contiki-micaz.a(abc.o)
 .debug_pubtypes
                0x00000000000004fe       0xa3 contiki-micaz.a(channel.o)
 .debug_pubtypes
                0x00000000000005a1       0x26 contiki-micaz.a(list.o)
 .debug_pubtypes
                0x00000000000005c7       0x7b contiki-micaz.a(etimer.o)
 .debug_pubtypes
                0x0000000000000642       0x75 contiki-micaz.a(packetbuf.o)
 .debug_pubtypes
                0x00000000000006b7       0xac contiki-micaz.a(contiki-micaz-m)
 .debug_pubtypes
                0x0000000000000763       0x8f contiki-micaz.a(init-net.o)
 .debug_pubtypes
                0x00000000000007f2       0x2b contiki-micaz.a(node-id.o)
 .debug_pubtypes
                0x000000000000081d       0x2f contiki-micaz.a(clock.o)
 .debug_pubtypes
                0x000000000000084c       0x2b contiki-micaz.a(ds2401.o)
 .debug_pubtypes
                0x0000000000000877       0x3d contiki-micaz.a(eeprom.o)
 .debug_pubtypes
                0x00000000000008b4       0x12 contiki-micaz.a(leds.o)
 .debug_pubtypes
                0x00000000000008c6       0xf7 contiki-micaz.a(rime.o)
 .debug_pubtypes
                0x00000000000009bd       0x20 contiki-micaz.a(rimestats.o)
 .debug_pubtypes
                0x00000000000009dd       0x8c contiki-micaz.a(announcement.o)
 .debug_pubtypes
                0x0000000000000a69      0x1cf contiki-micaz.a(broadcast-annou)
 .debug_pubtypes
                0x0000000000000c38       0xad contiki-micaz.a(chameleon.o)
 .debug_pubtypes
                0x0000000000000ce5       0xbc contiki-micaz.a(chameleon-bitop)
 .debug_pubtypes
                0x0000000000000da1       0xbe contiki-micaz.a(nullmac.o)
 .debug_pubtypes
                0x0000000000000e5f       0xd3 contiki-micaz.a(nullrdc.o)
 .debug_pubtypes
                0x0000000000000f32       0x25 contiki-micaz.a(mac.o)
 .debug_pubtypes
                0x0000000000000f57       0xe5 contiki-micaz.a(framer-802154.o)
 .debug_pubtypes
                0x000000000000103c       0x7d contiki-micaz.a(process.o)
 .debug_pubtypes
                0x00000000000010b9       0x55 contiki-micaz.a(autostart.o)
 .debug_pubtypes
                0x000000000000110e       0x2d contiki-micaz.a(timer.o)
 .debug_pubtypes
                0x000000000000113b       0x91 contiki-micaz.a(ctimer.o)
 .debug_pubtypes
                0x00000000000011cc       0x46 contiki-micaz.a(rtimer.o)
 .debug_pubtypes
                0x0000000000001212       0x12 contiki-micaz.a(random.o)
 .debug_pubtypes
                0x0000000000001224       0xae contiki-micaz.a(queuebuf.o)
 .debug_pubtypes
                0x00000000000012d2       0x29 contiki-micaz.a(rs232.o)
 .debug_pubtypes
                0x00000000000012fb       0x1e contiki-micaz.a(leds-arch.o)
 .debug_pubtypes
                0x0000000000001319      0x165 contiki-micaz.a(cc2420.o)
 .debug_pubtypes
                0x000000000000147e       0x75 contiki-micaz.a(cc2420-arch.o)
 .debug_pubtypes
                0x00000000000014f3       0x3e contiki-micaz.a(rtimer-arch.o)
 .debug_pubtypes
                0x0000000000001531       0xb2 contiki-micaz.a(frame802154.o)
 .debug_pubtypes
                0x00000000000015e3       0x1b contiki-micaz.a(memb.o)
 .debug_pubtypes
                0x00000000000015fe       0x1e contiki-micaz.a(spi.o)

.debug_ranges   0x0000000000000000      0xa88
 .debug_ranges  0x0000000000000000       0x50 CH10.co
 .debug_ranges  0x0000000000000050       0x48 obj_micaz/Pacotes.o
 .debug_ranges  0x0000000000000098       0x20 contiki-micaz.a(rimeaddr.o)
 .debug_ranges  0x00000000000000b8       0x30 contiki-micaz.a(broadcast.o)
 .debug_ranges  0x00000000000000e8       0x30 contiki-micaz.a(unicast.o)
 .debug_ranges  0x0000000000000118       0x30 contiki-micaz.a(abc.o)
 .debug_ranges  0x0000000000000148       0x30 contiki-micaz.a(channel.o)
 .debug_ranges  0x0000000000000178       0x68 contiki-micaz.a(list.o)
 .debug_ranges  0x00000000000001e0       0x78 contiki-micaz.a(etimer.o)
 .debug_ranges  0x0000000000000258       0xb0 contiki-micaz.a(packetbuf.o)
 .debug_ranges  0x0000000000000308       0x18 contiki-micaz.a(contiki-micaz-m)
 .debug_ranges  0x0000000000000320       0x10 contiki-micaz.a(init-net.o)
 .debug_ranges  0x0000000000000330       0x18 contiki-micaz.a(node-id.o)
 .debug_ranges  0x0000000000000348       0x40 contiki-micaz.a(clock.o)
 .debug_ranges  0x0000000000000388       0xc8 contiki-micaz.a(ds2401.o)
 .debug_ranges  0x0000000000000450       0x18 contiki-micaz.a(eeprom.o)
 .debug_ranges  0x0000000000000468       0x48 contiki-micaz.a(leds.o)
 .debug_ranges  0x00000000000004b0       0x38 contiki-micaz.a(rime.o)
 .debug_ranges  0x00000000000004e8       0x60 contiki-micaz.a(announcement.o)
 .debug_ranges  0x0000000000000548       0x50 contiki-micaz.a(broadcast-annou)
 .debug_ranges  0x0000000000000598       0x28 contiki-micaz.a(chameleon.o)
 .debug_ranges  0x00000000000005c0       0x88 contiki-micaz.a(chameleon-bitop)
 .debug_ranges  0x0000000000000648       0x38 contiki-micaz.a(nullmac.o)
 .debug_ranges  0x0000000000000680       0x40 contiki-micaz.a(nullrdc.o)
 .debug_ranges  0x00000000000006c0       0x10 contiki-micaz.a(mac.o)
 .debug_ranges  0x00000000000006d0       0x18 contiki-micaz.a(framer-802154.o)
 .debug_ranges  0x00000000000006e8       0x70 contiki-micaz.a(process.o)
 .debug_ranges  0x0000000000000758       0x18 contiki-micaz.a(autostart.o)
 .debug_ranges  0x0000000000000770       0x30 contiki-micaz.a(timer.o)
 .debug_ranges  0x00000000000007a0       0x40 contiki-micaz.a(ctimer.o)
 .debug_ranges  0x00000000000007e0       0x20 contiki-micaz.a(rtimer.o)
 .debug_ranges  0x0000000000000800       0x18 contiki-micaz.a(random.o)
 .debug_ranges  0x0000000000000818       0x58 contiki-micaz.a(queuebuf.o)
 .debug_ranges  0x0000000000000870       0x50 contiki-micaz.a(rs232.o)
 .debug_ranges  0x00000000000008c0       0x20 contiki-micaz.a(leds-arch.o)
 .debug_ranges  0x00000000000008e0      0x110 contiki-micaz.a(cc2420.o)
 .debug_ranges  0x00000000000009f0       0x18 contiki-micaz.a(cc2420-arch.o)
 .debug_ranges  0x0000000000000a08       0x20 contiki-micaz.a(rtimer-arch.o)
 .debug_ranges  0x0000000000000a28       0x28 contiki-micaz.a(frame802154.o)
 .debug_ranges  0x0000000000000a50       0x28 contiki-micaz.a(memb.o)
 .debug_ranges  0x0000000000000a78       0x10 contiki-micaz.a(spi.o)
